
Optional file libmchp_peripheral.a not found

Optional file libmchp_peripheral_32MX250F128B.a not found
Archive member included because of file (symbol)

c:/program files (x86)/microchip/xc32/v1.42/bin/bin/../../lib/gcc/pic32mx/4.8.3/../../../../pic32mx/lib\libpic32.a(memcmp.o)
                              build/default/production/_ext/1360937237/app.o (memcmp)
c:/program files (x86)/microchip/xc32/v1.42/bin/bin/../../lib/gcc/pic32mx/4.8.3/../../../../pic32mx/lib\libpic32.a(memcpy.o)
                              build/default/production/_ext/361031364/usb_device.o (memcpy)
c:/program files (x86)/microchip/xc32/v1.42/bin/bin/../../lib/gcc/pic32mx/4.8.3/../../../../pic32mx/lib\libpic32.a(default-bootstrap-exception-handler.o)
                              c:/program files (x86)/microchip/xc32/v1.42/bin/bin/../../lib/gcc/pic32mx/4.8.3/../../../../pic32mx/lib/./proc/32MX250F128B/crt0_mips32r2.o (_bootstrap_exception_handler)
c:/program files (x86)/microchip/xc32/v1.42/bin/bin/../../lib/gcc/pic32mx/4.8.3/../../../../pic32mx/lib\libpic32.a(default-on-reset.o)
                              c:/program files (x86)/microchip/xc32/v1.42/bin/bin/../../lib/gcc/pic32mx/4.8.3/../../../../pic32mx/lib/./proc/32MX250F128B/crt0_mips32r2.o (_on_reset)
c:/program files (x86)/microchip/xc32/v1.42/bin/bin/../../lib/gcc/pic32mx/4.8.3/../../../../pic32mx/lib\libpic32.a(default-on-bootstrap.o)
                              c:/program files (x86)/microchip/xc32/v1.42/bin/bin/../../lib/gcc/pic32mx/4.8.3/../../../../pic32mx/lib/./proc/32MX250F128B/crt0_mips32r2.o (_on_bootstrap)
c:/program files (x86)/microchip/xc32/v1.42/bin/bin/../../lib/gcc/pic32mx/4.8.3/../../../../pic32mx/lib\libpic32.a(default-nmi-handler.o)
                              c:/program files (x86)/microchip/xc32/v1.42/bin/bin/../../lib/gcc/pic32mx/4.8.3/../../../../pic32mx/lib/./proc/32MX250F128B/crt0_mips32r2.o (_nmi_handler)
c:/program files (x86)/microchip/xc32/v1.42/bin/bin/../../lib/gcc/pic32mx/4.8.3/../../../../pic32mx/lib\libpic32.a(general-exception.o)
                              c:/program files (x86)/microchip/xc32/v1.42/bin/bin/../../lib/gcc/pic32mx/4.8.3/../../../../pic32mx/lib/./proc/32MX250F128B/crt0_mips32r2.o (_general_exception_context)
c:/program files (x86)/microchip/xc32/v1.42/bin/bin/../../lib/gcc/pic32mx/4.8.3/../../../../pic32mx/lib\libpic32.a(vector0.o)
                              c:/program files (x86)/microchip/xc32/v1.42/bin/bin/../../lib/gcc/pic32mx/4.8.3/../../../../pic32mx/lib/./proc/32MX250F128B\default_isr_vectors.o (__vector_dispatch_0)
c:/program files (x86)/microchip/xc32/v1.42/bin/bin/../../lib/gcc/pic32mx/4.8.3/../../../../pic32mx/lib\libpic32.a(vector1.o)
                              c:/program files (x86)/microchip/xc32/v1.42/bin/bin/../../lib/gcc/pic32mx/4.8.3/../../../../pic32mx/lib/./proc/32MX250F128B\default_isr_vectors.o (__vector_dispatch_1)
c:/program files (x86)/microchip/xc32/v1.42/bin/bin/../../lib/gcc/pic32mx/4.8.3/../../../../pic32mx/lib\libpic32.a(vector2.o)
                              c:/program files (x86)/microchip/xc32/v1.42/bin/bin/../../lib/gcc/pic32mx/4.8.3/../../../../pic32mx/lib/./proc/32MX250F128B\default_isr_vectors.o (__vector_dispatch_2)
c:/program files (x86)/microchip/xc32/v1.42/bin/bin/../../lib/gcc/pic32mx/4.8.3/../../../../pic32mx/lib\libpic32.a(vector3.o)
                              c:/program files (x86)/microchip/xc32/v1.42/bin/bin/../../lib/gcc/pic32mx/4.8.3/../../../../pic32mx/lib/./proc/32MX250F128B\default_isr_vectors.o (__vector_dispatch_3)
c:/program files (x86)/microchip/xc32/v1.42/bin/bin/../../lib/gcc/pic32mx/4.8.3/../../../../pic32mx/lib\libpic32.a(vector4.o)
                              c:/program files (x86)/microchip/xc32/v1.42/bin/bin/../../lib/gcc/pic32mx/4.8.3/../../../../pic32mx/lib/./proc/32MX250F128B\default_isr_vectors.o (__vector_dispatch_4)
c:/program files (x86)/microchip/xc32/v1.42/bin/bin/../../lib/gcc/pic32mx/4.8.3/../../../../pic32mx/lib\libpic32.a(vector5.o)
                              c:/program files (x86)/microchip/xc32/v1.42/bin/bin/../../lib/gcc/pic32mx/4.8.3/../../../../pic32mx/lib/./proc/32MX250F128B\default_isr_vectors.o (__vector_dispatch_5)
c:/program files (x86)/microchip/xc32/v1.42/bin/bin/../../lib/gcc/pic32mx/4.8.3/../../../../pic32mx/lib\libpic32.a(vector6.o)
                              c:/program files (x86)/microchip/xc32/v1.42/bin/bin/../../lib/gcc/pic32mx/4.8.3/../../../../pic32mx/lib/./proc/32MX250F128B\default_isr_vectors.o (__vector_dispatch_6)
c:/program files (x86)/microchip/xc32/v1.42/bin/bin/../../lib/gcc/pic32mx/4.8.3/../../../../pic32mx/lib\libpic32.a(vector7.o)
                              c:/program files (x86)/microchip/xc32/v1.42/bin/bin/../../lib/gcc/pic32mx/4.8.3/../../../../pic32mx/lib/./proc/32MX250F128B\default_isr_vectors.o (__vector_dispatch_7)
c:/program files (x86)/microchip/xc32/v1.42/bin/bin/../../lib/gcc/pic32mx/4.8.3/../../../../pic32mx/lib\libpic32.a(vector8.o)
[...]
Memory Configuration

Name             Origin             Length             Attributes
kseg0_program_mem 0x9d000000         0x0001f000         xr
exception_mem    0x9d01f000         0x00001000
debug_exec_mem   0x9fc00490         0x00000760
kseg0_boot_mem   0x9fc00490         0x00000000
kseg1_boot_mem   0xbfc00000         0x00000490
config3          0xbfc00bf0         0x00000004
config2          0xbfc00bf4         0x00000004
config1          0xbfc00bf8         0x00000004
config0          0xbfc00bfc         0x00000004
kseg1_data_mem   0xa0000000         0x00008000         w !x
sfrs             0xbf800000         0x00100000
configsfrs       0xbfc00bf0         0x00000010
*default*        0x00000000         0xffffffff

Linker script and memory map

LOAD c:/program files (x86)/microchip/xc32/v1.42/bin/bin/../../lib/gcc/pic32mx/4.8.3/../../../../pic32mx/lib/./proc/32MX250F128B/crt0_mips32r2.o
LOAD c:/program files (x86)/microchip/xc32/v1.42/bin/bin/../../lib/gcc/pic32mx/4.8.3/../../../../pic32mx/lib\debug-exception-return.o
LOAD build/default/production/_ext/1710693635/sys_devcon.o
LOAD build/default/production/_ext/1710693635/sys_devcon_pic32mx.o
LOAD build/default/production/_ext/1955241161/sys_int_pic32.o
LOAD build/default/production/_ext/1466673911/drv_usbfs.o
LOAD build/default/production/_ext/361031364/usb_device.o
LOAD build/default/production/_ext/1466673911/drv_usbfs_device.o
LOAD build/default/production/_ext/361031364/usb_device_hid.o
LOAD build/default/production/_ext/1360937237/app.o
LOAD build/default/production/_ext/639803181/sys_clk_static.o
LOAD build/default/production/_ext/822048611/sys_ports_static.o
LOAD build/default/production/_ext/1688732426/system_init.o
LOAD build/default/production/_ext/1688732426/system_interrupt.o
LOAD build/default/production/_ext/1688732426/system_exceptions.o
LOAD build/default/production/_ext/1360937237/main.o
LOAD build/default/production/_ext/1688732426/system_tasks.o
LOAD build/default/production/_ext/1360937237/mouse.o
LOAD build/default/production/_ext/1375409246/accel.o
LOAD build/default/production/_ext/1375409246/i2c_master_noint.o
LOAD ..\..\..\..\..\..\..\..\microchip\harmony\v1_10\bin\framework\peripheral\PIC32MX250F128B_peripherals.a
                0x00000001                __MPLAB_BUILD = 0x1
                0x00000000                _min_heap_size = 0x0
LOAD c:/program files (x86)/microchip/xc32/v1.42/bin/bin/../../lib/gcc/pic32mx/4.8.3/../../../../pic32mx/lib/./proc/32MX250F128B\default_isr_vectors.o
LOAD c:/program files (x86)/microchip/xc32/v1.42/bin/bin/../../lib/gcc/pic32mx/4.8.3/../../../../pic32mx/lib\pic32_software_reset.o
                0x00000400                PROVIDE (_min_stack_size, 0x400)
LOAD c:/program files (x86)/microchip/xc32/v1.42/bin/bin/../../lib/gcc/pic32mx/4.8.3/../../../../pic32mx/lib/./proc/32MX250F128B\processor.o
START GROUP
LOAD libmchp_peripheral.a
END GROUP
START GROUP
LOAD libmchp_peripheral_32MX250F128B.a
END GROUP
                0x00000001                PROVIDE (_vector_spacing, 0x1)
                0x9d01f000                PROVIDE (_ebase_address, 0x9d01f000)
                0xbfc00000                _RESET_ADDR = 0xbfc00000
                0xbfc00380                _BEV_EXCPT_ADDR = 0xbfc00380
                0xbfc00480                _DBG_EXCPT_ADDR = 0xbfc00480
                0x9fc00490                _DBG_CODE_ADDR = 0x9fc00490
                0x00000760                _DBG_CODE_SIZE = 0x760
                0x9d01f180                _GEN_EXCPT_ADDR = (_ebase_address + 0x180)

.config_BFC00BF0
                0xbfc00bf0        0x4
 *(.config_BFC00BF0)
 .config_BFC00BF0
                0xbfc00bf0        0x4 build/default/production/_ext/1688732426/system_init.o

.config_BFC00BF4
                0xbfc00bf4        0x4
 *(.config_BFC00BF4)
 .config_BFC00BF4
                0xbfc00bf4        0x4 build/default/production/_ext/1688732426/system_init.o

.config_BFC00BF8
                0xbfc00bf8        0x4
 *(.config_BFC00BF8)
 .config_BFC00BF8
                0xbfc00bf8        0x4 build/default/production/_ext/1688732426/system_init.o

.config_BFC00BFC
                0xbfc00bfc        0x4
 *(.config_BFC00BFC)
 .config_BFC00BFC
                0xbfc00bfc        0x4 build/default/production/_ext/1688732426/system_init.o
                0xbfc02000                PROVIDE (_DBG_CODE_ADDR, 0xbfc02000)
                0x00000ff0                PROVIDE (_DBG_CODE_SIZE, 0xff0)

.reset          0xbfc00000      0x1e4
 *(.reset)
 .reset         0xbfc00000        0x8 c:/program files (x86)/microchip/xc32/v1.42/bin/bin/../../lib/gcc/pic32mx/4.8.3/../../../../pic32mx/lib/./proc/32MX250F128B/crt0_mips32r2.o
                0xbfc00000                _reset
 *(.reset.startup)
 .reset.startup
                0xbfc00008      0x1dc c:/program files (x86)/microchip/xc32/v1.42/bin/bin/../../lib/gcc/pic32mx/4.8.3/../../../../pic32mx/lib/./proc/32MX250F128B/crt0_mips32r2.o

.bev_excpt      0xbfc00380       0x10
 *(.bev_handler)
 .bev_handler   0xbfc00380       0x10 c:/program files (x86)/microchip/xc32/v1.42/bin/bin/../../lib/gcc/pic32mx/4.8.3/../../../../pic32mx/lib/./proc/32MX250F128B/crt0_mips32r2.o

.dbg_excpt      0xbfc00480        0x0
                0xbfc00480                . = (. + DEFINED (_DEBUGGER)?0x8:0x0)

.dbg_code       0x9fc00490        0x0
                0x9fc00490                . = (. + DEFINED (_DEBUGGER)?_DBG_CODE_SIZE:0x0)

.app_excpt      0x9d01f180       0x10
 *(.gen_handler)
 .gen_handler   0x9d01f180       0x10 c:/program files (x86)/microchip/xc32/v1.42/bin/bin/../../lib/gcc/pic32mx/4.8.3/../../../../pic32mx/lib/./proc/32MX250F128B/crt0_mips32r2.o

.vector_0       0x9d01f200        0x8
 *(.vector_0)
 .vector_0      0x9d01f200        0x8 c:/program files (x86)/microchip/xc32/v1.42/bin/bin/../../lib/gcc/pic32mx/4.8.3/../../../../pic32mx/lib\libpic32.a(vector0.o)
                0x9d01f200                __vector_dispatch_0
                0x00000001                ASSERT (((_vector_spacing == 0x0) || (SIZEOF (.vector_0) <= (_vector_spacing << 0x5))), function at exception vector 0 too large)

.vector_1       0x9d01f220        0x8
 *(.vector_1)
 .vector_1      0x9d01f220        0x8 c:/program files (x86)/microchip/xc32/v1.42/bin/bin/../../lib/gcc/pic32mx/4.8.3/../../../../pic32mx/lib\libpic32.a(vector1.o)
                0x9d01f220                __vector_dispatch_1
                0x00000001                ASSERT (((_vector_spacing == 0x0) || (SIZEOF (.vector_1) <= (_vector_spacing << 0x5))), function at exception vector 1 too large)

.vector_2       0x9d01f240        0x8
 *(.vector_2)
 .vector_2      0x9d01f240        0x8 c:/program files (x86)/microchip/xc32/v1.42/bin/bin/../../lib/gcc/pic32mx/4.8.3/../../../../pic32mx/lib\libpic32.a(vector2.o)
                0x9d01f240                __vector_dispatch_2
                0x00000001                ASSERT (((_vector_spacing == 0x0) || (SIZEOF (.vector_2) <= (_vector_spacing << 0x5))), function at exception vector 2 too large)

.vector_3       0x9d01f260        0x8
 *(.vector_3)
 .vector_3      0x9d01f260        0x8 c:/program files (x86)/microchip/xc32/v1.42/bin/bin/../../lib/gcc/pic32mx/4.8.3/../../../../pic32mx/lib\libpic32.a(vector3.o)
                0x9d01f260                __vector_dispatch_3
                0x00000001                ASSERT (((_vector_spacing == 0x0) || (SIZEOF (.vector_3) <= (_vector_spacing << 0x5))), function at exception vector 3 too large)

.vector_4       0x9d01f280        0x8
 *(.vector_4)
 .vector_4      0x9d01f280        0x8 c:/program files (x86)/microchip/xc32/v1.42/bin/bin/../../lib/gcc/pic32mx/4.8.3/../../../../pic32mx/lib\libpic32.a(vector4.o)
                0x9d01f280                __vector_dispatch_4
                0x00000001                ASSERT (((_vector_spacing == 0x0) || (SIZEOF (.vector_4) <= (_vector_spacing << 0x5))), function at exception vector 4 too large)

.vector_5       0x9d01f2a0        0x8
 *(.vector_5)
 .vector_5      0x9d01f2a0        0x8 c:/program files (x86)/microchip/xc32/v1.42/bin/bin/../../lib/gcc/pic32mx/4.8.3/../../../../pic32mx/lib\libpic32.a(vector5.o)
                0x9d01f2a0                __vector_dispatch_5
                0x00000001                ASSERT (((_vector_spacing == 0x0) || (SIZEOF (.vector_5) <= (_vector_spacing << 0x5))), function at exception vector 5 too large)

.vector_6       0x9d01f2c0        0x8
 *(.vector_6)
 .vector_6      0x9d01f2c0        0x8 c:/program files (x86)/microchip/xc32/v1.42/bin/bin/../../lib/gcc/pic32mx/4.8.3/../../../../pic32mx/lib\libpic32.a(vector6.o)
                0x9d01f2c0                __vector_dispatch_6
                0x00000001                ASSERT (((_vector_spacing == 0x0) || (SIZEOF (.vector_6) <= (_vector_spacing << 0x5))), function at exception vector 6 too large)

.vector_7       0x9d01f2e0        0x8
 *(.vector_7)
 .vector_7      0x9d01f2e0        0x8 c:/program files (x86)/microchip/xc32/v1.42/bin/bin/../../lib/gcc/pic32mx/4.8.3/../../../../pic32mx/lib\libpic32.a(vector7.o)
                0x9d01f2e0                __vector_dispatch_7
                0x00000001                ASSERT (((_vector_spacing == 0x0) || (SIZEOF (.vector_7) <= (_vector_spacing << 0x5))), function at exception vector 7 too large)

.vector_8       0x9d01f300        0x8
 *(.vector_8)
 .vector_8      0x9d01f300        0x8 c:/program files (x86)/microchip/xc32/v1.42/bin/bin/../../lib/gcc/pic32mx/4.8.3/../../../../pic32mx/lib\libpic32.a(vector8.o)
                0x9d01f300                __vector_dispatch_8
                0x00000001                ASSERT (((_vector_spacing == 0x0) || (SIZEOF (.vector_8) <= (_vector_spacing << 0x5))), function at exception vector 8 too large)

.vector_9       0x9d01f320        0x8
 *(.vector_9)
 .vector_9      0x9d01f320        0x8 c:/program files (x86)/microchip/xc32/v1.42/bin/bin/../../lib/gcc/pic32mx/4.8.3/../../../../pic32mx/lib\libpic32.a(vector9.o)
                0x9d01f320                __vector_dispatch_9
                0x00000001                ASSERT (((_vector_spacing == 0x0) || (SIZEOF (.vector_9) <= (_vector_spacing << 0x5))), function at exception vector 9 too large)

.vector_10      0x9d01f340        0x8
 *(.vector_10)
 .vector_10     0x9d01f340        0x8 c:/program files (x86)/microchip/xc32/v1.42/bin/bin/../../lib/gcc/pic32mx/4.8.3/../../../../pic32mx/lib\libpic32.a(vector10.o)
                0x9d01f340                __vector_dispatch_10
                0x00000001                ASSERT (((_vector_spacing == 0x0) || (SIZEOF (.vector_10) <= (_vector_spacing << 0x5))), function at exception vector 10 too large)

.vector_11      0x9d01f360        0x8
 *(.vector_11)
 .vector_11     0x9d01f360        0x8 c:/program files (x86)/microchip/xc32/v1.42/bin/bin/../../lib/gcc/pic32mx/4.8.3/../../../../pic32mx/lib\libpic32.a(vector11.o)
                0x9d01f360                __vector_dispatch_11
                0x00000001                ASSERT (((_vector_spacing == 0x0) || (SIZEOF (.vector_11) <= (_vector_spacing << 0x5))), function at exception vector 11 too large)

.vector_12      0x9d01f380        0x8
 *(.vector_12)
 .vector_12     0x9d01f380        0x8 c:/program files (x86)/microchip/xc32/v1.42/bin/bin/../../lib/gcc/pic32mx/4.8.3/../../../../pic32mx/lib\libpic32.a(vector12.o)
                0x9d01f380                __vector_dispatch_12
                0x00000001                ASSERT (((_vector_spacing == 0x0) || (SIZEOF (.vector_12) <= (_vector_spacing << 0x5))), function at exception vector 12 too large)

.vector_13      0x9d01f3a0        0x8
 *(.vector_13)
 .vector_13     0x9d01f3a0        0x8 c:/program files (x86)/microchip/xc32/v1.42/bin/bin/../../lib/gcc/pic32mx/4.8.3/../../../../pic32mx/lib\libpic32.a(vector13.o)
                0x9d01f3a0                __vector_dispatch_13
                0x00000001                ASSERT (((_vector_spacing == 0x0) || (SIZEOF (.vector_13) <= (_vector_spacing << 0x5))), function at exception vector 13 too large)

.vector_14      0x9d01f3c0        0x8
 *(.vector_14)
 .vector_14     0x9d01f3c0        0x8 c:/program files (x86)/microchip/xc32/v1.42/bin/bin/../../lib/gcc/pic32mx/4.8.3/../../../../pic32mx/lib\libpic32.a(vector14.o)
                0x9d01f3c0                __vector_dispatch_14
                0x00000001                ASSERT (((_vector_spacing == 0x0) || (SIZEOF (.vector_14) <= (_vector_spacing << 0x5))), function at exception vector 14 too large)

.vector_15      0x9d01f3e0        0x8
 *(.vector_15)
 .vector_15     0x9d01f3e0        0x8 c:/program files (x86)/microchip/xc32/v1.42/bin/bin/../../lib/gcc/pic32mx/4.8.3/../../../../pic32mx/lib\libpic32.a(vector15.o)
                0x9d01f3e0                __vector_dispatch_15
                0x00000001                ASSERT (((_vector_spacing == 0x0) || (SIZEOF (.vector_15) <= (_vector_spacing << 0x5))), function at exception vector 15 too large)

.vector_16      0x9d01f400        0x8
 *(.vector_16)
 .vector_16     0x9d01f400        0x8 c:/program files (x86)/microchip/xc32/v1.42/bin/bin/../../lib/gcc/pic32mx/4.8.3/../../../../pic32mx/lib\libpic32.a(vector16.o)
                0x9d01f400                __vector_dispatch_16
                0x00000001                ASSERT (((_vector_spacing == 0x0) || (SIZEOF (.vector_16) <= (_vector_spacing << 0x5))), function at exception vector 16 too large)

.vector_17      0x9d01f420        0x8
 *(.vector_17)
 .vector_17     0x9d01f420        0x8 c:/program files (x86)/microchip/xc32/v1.42/bin/bin/../../lib/gcc/pic32mx/4.8.3/../../../../pic32mx/lib\libpic32.a(vector17.o)
                0x9d01f420                __vector_dispatch_17
                0x00000001                ASSERT (((_vector_spacing == 0x0) || (SIZEOF (.vector_17) <= (_vector_spacing << 0x5))), function at exception vector 17 too large)

.vector_18      0x9d01f440        0x8
 *(.vector_18)
 .vector_18     0x9d01f440        0x8 c:/program files (x86)/microchip/xc32/v1.42/bin/bin/../../lib/gcc/pic32mx/4.8.3/../../../../pic32mx/lib\libpic32.a(vector18.o)
                0x9d01f440                __vector_dispatch_18
                0x00000001                ASSERT (((_vector_spacing == 0x0) || (SIZEOF (.vector_18) <= (_vector_spacing << 0x5))), function at exception vector 18 too large)

.vector_19      0x9d01f460        0x8
 *(.vector_19)
 .vector_19     0x9d01f460        0x8 c:/program files (x86)/microchip/xc32/v1.42/bin/bin/../../lib/gcc/pic32mx/4.8.3/../../../../pic32mx/lib\libpic32.a(vector19.o)
                0x9d01f460                __vector_dispatch_19
                0x00000001                ASSERT (((_vector_spacing == 0x0) || (SIZEOF (.vector_19) <= (_vector_spacing << 0x5))), function at exception vector 19 too large)

.vector_20      0x9d01f480        0x8
 *(.vector_20)
 .vector_20     0x9d01f480        0x8 c:/program files (x86)/microchip/xc32/v1.42/bin/bin/../../lib/gcc/pic32mx/4.8.3/../../../../pic32mx/lib\libpic32.a(vector20.o)
                0x9d01f480                __vector_dispatch_20
                0x00000001                ASSERT (((_vector_spacing == 0x0) || (SIZEOF (.vector_20) <= (_vector_spacing << 0x5))), function at exception vector 20 too large)

.vector_21      0x9d01f4a0        0x8
 *(.vector_21)
 .vector_21     0x9d01f4a0        0x8 c:/program files (x86)/microchip/xc32/v1.42/bin/bin/../../lib/gcc/pic32mx/4.8.3/../../../../pic32mx/lib\libpic32.a(vector21.o)
                0x9d01f4a0                __vector_dispatch_21
                0x00000001                ASSERT (((_vector_spacing == 0x0) || (SIZEOF (.vector_21) <= (_vector_spacing << 0x5))), function at exception vector 21 too large)

.vector_22      0x9d01f4c0        0x8
 *(.vector_22)
 .vector_22     0x9d01f4c0        0x8 c:/program files (x86)/microchip/xc32/v1.42/bin/bin/../../lib/gcc/pic32mx/4.8.3/../../../../pic32mx/lib\libpic32.a(vector22.o)
                0x9d01f4c0                __vector_dispatch_22
                0x00000001                ASSERT (((_vector_spacing == 0x0) || (SIZEOF (.vector_22) <= (_vector_spacing << 0x5))), function at exception vector 22 too large)

.vector_23      0x9d01f4e0        0x8
 *(.vector_23)
 .vector_23     0x9d01f4e0        0x8 c:/program files (x86)/microchip/xc32/v1.42/bin/bin/../../lib/gcc/pic32mx/4.8.3/../../../../pic32mx/lib\libpic32.a(vector23.o)
                0x9d01f4e0                __vector_dispatch_23
                0x00000001                ASSERT (((_vector_spacing == 0x0) || (SIZEOF (.vector_23) <= (_vector_spacing << 0x5))), function at exception vector 23 too large)

.vector_24      0x9d01f500        0x8
 *(.vector_24)
 .vector_24     0x9d01f500        0x8 c:/program files (x86)/microchip/xc32/v1.42/bin/bin/../../lib/gcc/pic32mx/4.8.3/../../../../pic32mx/lib\libpic32.a(vector24.o)
                0x9d01f500                __vector_dispatch_24
                0x00000001                ASSERT (((_vector_spacing == 0x0) || (SIZEOF (.vector_24) <= (_vector_spacing << 0x5))), function at exception vector 24 too large)

.vector_25      0x9d01f520        0x8
 *(.vector_25)
 .vector_25     0x9d01f520        0x8 c:/program files (x86)/microchip/xc32/v1.42/bin/bin/../../lib/gcc/pic32mx/4.8.3/../../../../pic32mx/lib\libpic32.a(vector25.o)
                0x9d01f520                __vector_dispatch_25
                0x00000001                ASSERT (((_vector_spacing == 0x0) || (SIZEOF (.vector_25) <= (_vector_spacing << 0x5))), function at exception vector 25 too large)

.vector_26      0x9d01f540        0x8
 *(.vector_26)
 .vector_26     0x9d01f540        0x8 c:/program files (x86)/microchip/xc32/v1.42/bin/bin/../../lib/gcc/pic32mx/4.8.3/../../../../pic32mx/lib\libpic32.a(vector26.o)
                0x9d01f540                __vector_dispatch_26
                0x00000001                ASSERT (((_vector_spacing == 0x0) || (SIZEOF (.vector_26) <= (_vector_spacing << 0x5))), function at exception vector 26 too large)

.vector_27      0x9d01f560        0x8
 *(.vector_27)
 .vector_27     0x9d01f560        0x8 c:/program files (x86)/microchip/xc32/v1.42/bin/bin/../../lib/gcc/pic32mx/4.8.3/../../../../pic32mx/lib\libpic32.a(vector27.o)
                0x9d01f560                __vector_dispatch_27
                0x00000001                ASSERT (((_vector_spacing == 0x0) || (SIZEOF (.vector_27) <= (_vector_spacing << 0x5))), function at exception vector 27 too large)

.vector_28      0x9d01f580        0x8
 *(.vector_28)
 .vector_28     0x9d01f580        0x8 c:/program files (x86)/microchip/xc32/v1.42/bin/bin/../../lib/gcc/pic32mx/4.8.3/../../../../pic32mx/lib\libpic32.a(vector28.o)
                0x9d01f580                __vector_dispatch_28
                0x00000001                ASSERT (((_vector_spacing == 0x0) || (SIZEOF (.vector_28) <= (_vector_spacing << 0x5))), function at exception vector 28 too large)

.vector_29      0x9d01f5a0        0x8
 *(.vector_29)
 .vector_29     0x9d01f5a0        0x8 c:/program files (x86)/microchip/xc32/v1.42/bin/bin/../../lib/gcc/pic32mx/4.8.3/../../../../pic32mx/lib\libpic32.a(vector29.o)
                0x9d01f5a0                __vector_dispatch_29
                0x00000001                ASSERT (((_vector_spacing == 0x0) || (SIZEOF (.vector_29) <= (_vector_spacing << 0x5))), function at exception vector 29 too large)

.vector_30      0x9d01f5c0        0x8
 *(.vector_30)
 .vector_30     0x9d01f5c0        0x8 build/default/production/_ext/1688732426/system_interrupt.o
                0x9d01f5c0                __vector_dispatch_30
                0x00000001                ASSERT (((_vector_spacing == 0x0) || (SIZEOF (.vector_30) <= (_vector_spacing << 0x5))), function at exception vector 30 too large)

.vector_31      0x9d01f5e0        0x8
 *(.vector_31)
 .vector_31     0x9d01f5e0        0x8 c:/program files (x86)/microchip/xc32/v1.42/bin/bin/../../lib/gcc/pic32mx/4.8.3/../../../../pic32mx/lib\libpic32.a(vector31.o)
                0x9d01f5e0                __vector_dispatch_31
                0x00000001                ASSERT (((_vector_spacing == 0x0) || (SIZEOF (.vector_31) <= (_vector_spacing << 0x5))), function at exception vector 31 too large)

.vector_32      0x9d01f600        0x8
 *(.vector_32)
 .vector_32     0x9d01f600        0x8 c:/program files (x86)/microchip/xc32/v1.42/bin/bin/../../lib/gcc/pic32mx/4.8.3/../../../../pic32mx/lib\libpic32.a(vector32.o)
                0x9d01f600                __vector_dispatch_32
                0x00000001                ASSERT (((_vector_spacing == 0x0) || (SIZEOF (.vector_32) <= (_vector_spacing << 0x5))), function at exception vector 32 too large)

.vector_33      0x9d01f620        0x8
 *(.vector_33)
 .vector_33     0x9d01f620        0x8 c:/program files (x86)/microchip/xc32/v1.42/bin/bin/../../lib/gcc/pic32mx/4.8.3/../../../../pic32mx/lib\libpic32.a(vector33.o)
                0x9d01f620                __vector_dispatch_33
                0x00000001                ASSERT (((_vector_spacing == 0x0) || (SIZEOF (.vector_33) <= (_vector_spacing << 0x5))), function at exception vector 33 too large)

.vector_34      0x9d01f640        0x8
 *(.vector_34)
 .vector_34     0x9d01f640        0x8 c:/program files (x86)/microchip/xc32/v1.42/bin/bin/../../lib/gcc/pic32mx/4.8.3/../../../../pic32mx/lib\libpic32.a(vector34.o)
                0x9d01f640                __vector_dispatch_34
                0x00000001                ASSERT (((_vector_spacing == 0x0) || (SIZEOF (.vector_34) <= (_vector_spacing << 0x5))), function at exception vector 34 too large)

.vector_35      0x9d01f660        0x8
 *(.vector_35)
 .vector_35     0x9d01f660        0x8 c:/program files (x86)/microchip/xc32/v1.42/bin/bin/../../lib/gcc/pic32mx/4.8.3/../../../../pic32mx/lib\libpic32.a(vector35.o)
                0x9d01f660                __vector_dispatch_35
                0x00000001                ASSERT (((_vector_spacing == 0x0) || (SIZEOF (.vector_35) <= (_vector_spacing << 0x5))), function at exception vector 35 too large)

.vector_36      0x9d01f680        0x8
 *(.vector_36)
 .vector_36     0x9d01f680        0x8 c:/program files (x86)/microchip/xc32/v1.42/bin/bin/../../lib/gcc/pic32mx/4.8.3/../../../../pic32mx/lib\libpic32.a(vector36.o)
                0x9d01f680                __vector_dispatch_36
                0x00000001                ASSERT (((_vector_spacing == 0x0) || (SIZEOF (.vector_36) <= (_vector_spacing << 0x5))), function at exception vector 36 too large)

.vector_37      0x9d01f6a0        0x8
 *(.vector_37)
 .vector_37     0x9d01f6a0        0x8 c:/program files (x86)/microchip/xc32/v1.42/bin/bin/../../lib/gcc/pic32mx/4.8.3/../../../../pic32mx/lib\libpic32.a(vector37.o)
                0x9d01f6a0                __vector_dispatch_37
                0x00000001                ASSERT (((_vector_spacing == 0x0) || (SIZEOF (.vector_37) <= (_vector_spacing << 0x5))), function at exception vector 37 too large)

.vector_38      0x9d01f6c0        0x8
 *(.vector_38)
 .vector_38     0x9d01f6c0        0x8 c:/program files (x86)/microchip/xc32/v1.42/bin/bin/../../lib/gcc/pic32mx/4.8.3/../../../../pic32mx/lib\libpic32.a(vector38.o)
                0x9d01f6c0                __vector_dispatch_38
                0x00000001                ASSERT (((_vector_spacing == 0x0) || (SIZEOF (.vector_38) <= (_vector_spacing << 0x5))), function at exception vector 38 too large)

.vector_39      0x9d01f6e0        0x8
 *(.vector_39)
 .vector_39     0x9d01f6e0        0x8 c:/program files (x86)/microchip/xc32/v1.42/bin/bin/../../lib/gcc/pic32mx/4.8.3/../../../../pic32mx/lib\libpic32.a(vector39.o)
                0x9d01f6e0                __vector_dispatch_39
                0x00000001                ASSERT (((_vector_spacing == 0x0) || (SIZEOF (.vector_39) <= (_vector_spacing << 0x5))), function at exception vector 39 too large)

.vector_40      0x9d01f700        0x8
 *(.vector_40)
 .vector_40     0x9d01f700        0x8 c:/program files (x86)/microchip/xc32/v1.42/bin/bin/../../lib/gcc/pic32mx/4.8.3/../../../../pic32mx/lib\libpic32.a(vector40.o)
                0x9d01f700                __vector_dispatch_40
                0x00000001                ASSERT (((_vector_spacing == 0x0) || (SIZEOF (.vector_40) <= (_vector_spacing << 0x5))), function at exception vector 40 too large)

.vector_41      0x9d01f720        0x8
 *(.vector_41)
 .vector_41     0x9d01f720        0x8 c:/program files (x86)/microchip/xc32/v1.42/bin/bin/../../lib/gcc/pic32mx/4.8.3/../../../../pic32mx/lib\libpic32.a(vector41.o)
                0x9d01f720                __vector_dispatch_41
                0x00000001                ASSERT (((_vector_spacing == 0x0) || (SIZEOF (.vector_41) <= (_vector_spacing << 0x5))), function at exception vector 41 too large)

.vector_42      0x9d01f740        0x8
 *(.vector_42)
 .vector_42     0x9d01f740        0x8 c:/program files (x86)/microchip/xc32/v1.42/bin/bin/../../lib/gcc/pic32mx/4.8.3/../../../../pic32mx/lib\libpic32.a(vector42.o)
                0x9d01f740                __vector_dispatch_42
                0x00000001                ASSERT (((_vector_spacing == 0x0) || (SIZEOF (.vector_42) <= (_vector_spacing << 0x5))), function at exception vector 42 too large)

.vector_43      0x9d01f760        0x8
 *(.vector_43)
 .vector_43     0x9d01f760        0x8 c:/program files (x86)/microchip/xc32/v1.42/bin/bin/../../lib/gcc/pic32mx/4.8.3/../../../../pic32mx/lib\libpic32.a(vector43.o)
                0x9d01f760                __vector_dispatch_43
                0x00000001                ASSERT (((_vector_spacing == 0x0) || (SIZEOF (.vector_43) <= (_vector_spacing << 0x5))), function at exception vector 43 too large)

.vector_44      0x9d01f780        0x0
 *(.vector_44)
                0x00000001                ASSERT (((_vector_spacing == 0x0) || (SIZEOF (.vector_44) <= (_vector_spacing << 0x5))), function at exception vector 44 too large)

.vector_45      0x9d01f7a0        0x0
 *(.vector_45)
                0x00000001                ASSERT (((_vector_spacing == 0x0) || (SIZEOF (.vector_45) <= (_vector_spacing << 0x5))), function at exception vector 45 too large)

.vector_46      0x9d01f7c0        0x0
 *(.vector_46)
                0x00000001                ASSERT (((_vector_spacing == 0x0) || (SIZEOF (.vector_46) <= (_vector_spacing << 0x5))), function at exception vector 46 too large)

.vector_47      0x9d01f7e0        0x0
 *(.vector_47)
                0x00000001                ASSERT (((_vector_spacing == 0x0) || (SIZEOF (.vector_47) <= (_vector_spacing << 0x5))), function at exception vector 47 too large)

.vector_48      0x9d01f800        0x0
 *(.vector_48)
                0x00000001                ASSERT (((_vector_spacing == 0x0) || (SIZEOF (.vector_48) <= (_vector_spacing << 0x5))), function at exception vector 48 too large)

.vector_49      0x9d01f820        0x0
 *(.vector_49)
                0x00000001                ASSERT (((_vector_spacing == 0x0) || (SIZEOF (.vector_49) <= (_vector_spacing << 0x5))), function at exception vector 49 too large)

.vector_50      0x9d01f840        0x0
 *(.vector_50)
                0x00000001                ASSERT (((_vector_spacing == 0x0) || (SIZEOF (.vector_50) <= (_vector_spacing << 0x5))), function at exception vector 50 too large)

.vector_51      0x9d01f860        0x0
 *(.vector_51)
                0x00000001                ASSERT (((_vector_spacing == 0x0) || (SIZEOF (.vector_51) <= (_vector_spacing << 0x5))), function at exception vector 51 too large)

.vector_52      0x9d01f880        0x0
 *(.vector_52)
                0x00000001                ASSERT (((_vector_spacing == 0x0) || (SIZEOF (.vector_52) <= (_vector_spacing << 0x5))), function at exception vector 52 too large)

.vector_53      0x9d01f8a0        0x0
 *(.vector_53)
                0x00000001                ASSERT (((_vector_spacing == 0x0) || (SIZEOF (.vector_53) <= (_vector_spacing << 0x5))), function at exception vector 53 too large)

.vector_54      0x9d01f8c0        0x0
 *(.vector_54)
                0x00000001                ASSERT (((_vector_spacing == 0x0) || (SIZEOF (.vector_54) <= (_vector_spacing << 0x5))), function at exception vector 54 too large)

.vector_55      0x9d01f8e0        0x0
 *(.vector_55)
                0x00000001                ASSERT (((_vector_spacing == 0x0) || (SIZEOF (.vector_55) <= (_vector_spacing << 0x5))), function at exception vector 55 too large)

.vector_56      0x9d01f900        0x0
 *(.vector_56)
                0x00000001                ASSERT (((_vector_spacing == 0x0) || (SIZEOF (.vector_56) <= (_vector_spacing << 0x5))), function at exception vector 56 too large)

.vector_57      0x9d01f920        0x0
 *(.vector_57)
                0x00000001                ASSERT (((_vector_spacing == 0x0) || (SIZEOF (.vector_57) <= (_vector_spacing << 0x5))), function at exception vector 57 too large)

.vector_58      0x9d01f940        0x0
 *(.vector_58)
                0x00000001                ASSERT (((_vector_spacing == 0x0) || (SIZEOF (.vector_58) <= (_vector_spacing << 0x5))), function at exception vector 58 too large)

.vector_59      0x9d01f960        0x0
 *(.vector_59)
                0x00000001                ASSERT (((_vector_spacing == 0x0) || (SIZEOF (.vector_59) <= (_vector_spacing << 0x5))), function at exception vector 59 too large)

.vector_60      0x9d01f980        0x0
 *(.vector_60)
                0x00000001                ASSERT (((_vector_spacing == 0x0) || (SIZEOF (.vector_60) <= (_vector_spacing << 0x5))), function at exception vector 60 too large)

.vector_61      0x9d01f9a0        0x0
 *(.vector_61)
                0x00000001                ASSERT (((_vector_spacing == 0x0) || (SIZEOF (.vector_61) <= (_vector_spacing << 0x5))), function at exception vector 61 too large)

.vector_62      0x9d01f9c0        0x0
 *(.vector_62)
                0x00000001                ASSERT (((_vector_spacing == 0x0) || (SIZEOF (.vector_62) <= (_vector_spacing << 0x5))), function at exception vector 62 too large)

.vector_63      0x9d01f9e0        0x0
 *(.vector_63)
                0x00000001                ASSERT (((_vector_spacing == 0x0) || (SIZEOF (.vector_63) <= (_vector_spacing << 0x5))), function at exception vector 63 too large)

.startup
 *(.startup)

.text           0x9d000000        0x0
 *(.stub .gnu.linkonce.t.*)
 *(.text.*personality*)
 *(.mips16.fn.*)
 *(.mips16.call.*)
 *(.gnu.warning)
                0x9d000000                . = ALIGN (0x4)

.init           0x9d000000        0x0
 *crti.o(.init)
 *crtbegin.o(.init)
 *(EXCLUDE_FILE(*crtn.o *crtend?.o *crtend.o) .init)
 *crtend.o(.init)
 *crtn.o(.init)
                0x9d000000                . = ALIGN (0x4)

.fini           0x9d000000        0x0
 *(.fini)
                0x9d000000                . = ALIGN (0x4)

.preinit_array  0x9d000000        0x0
                0x9d000000                PROVIDE (__preinit_array_start, .)
 *(.preinit_array)
                0x9d000000                PROVIDE (__preinit_array_end, .)
                0x9d000000                . = ALIGN (0x4)

.init_array     0x9d000000        0x0
                0x9d000000                PROVIDE (__init_array_start, .)
 *(SORT(.init_array.*))
 *(.init_array)
                0x9d000000                PROVIDE (__init_array_end, .)
                0x9d000000                . = ALIGN (0x4)

.fini_array     0x9d000000        0x0
                0x9d000000                PROVIDE (__fini_array_start, .)
 *(SORT(.fini_array.*))
 *(.fini_array)
                0x9d000000                PROVIDE (__fini_array_end, .)
                0x9d000000                . = ALIGN (0x4)

.ctors          0x9d000000        0x0
 *crtbegin.o(.ctors)
 *crtbegin?.o(.ctors)
 *(EXCLUDE_FILE(*crtend?.o *crtend.o) .ctors)
 *(SORT(.ctors.*))
 *(.ctors)
                0x9d000000                . = ALIGN (0x4)

.dtors          0x9d000000        0x0
 *crtbegin.o(.dtors)
 *crtbegin?.o(.dtors)
 *(EXCLUDE_FILE(*crtend?.o *crtend.o) .dtors)
 *(SORT(.dtors.*))
 *(.dtors)
                0x9d000000                . = ALIGN (0x4)

.rodata         0x9d000000        0x0
 *(.gnu.linkonce.r.*)
 *(.rodata1)
                0x9d000000                . = ALIGN (0x4)

.sdata2         0x9fc00490        0x0
 *(.sdata2 .sdata2.* .gnu.linkonce.s2.*)
                0x9fc00490                . = ALIGN (0x4)

.sbss2          0x9fc00490        0x0
 *(.sbss2 .sbss2.* .gnu.linkonce.sb2.*)
                0x9fc00490                . = ALIGN (0x4)

.eh_frame_hdr
 *(.eh_frame_hdr)
                0x9fc00490                . = ALIGN (0x4)

.eh_frame
 *(.eh_frame)
                0x9fc00490                . = ALIGN (0x4)

.gcc_except_table
 *(.gcc_except_table .gcc_except_table.*)
                0x9fc00490                . = ALIGN (0x4)

.dbg_data       0xa0000000        0x0
                0xa0000000                . = (. + DEFINED (_DEBUGGER)?0x200:0x0)

.jcr            0xa0000000        0x0
 *(.jcr)
                0xa0000000                . = ALIGN (0x4)

.eh_frame
 *(.eh_frame)
                0xa0000000                . = ALIGN (0x4)

.gcc_except_table
 *(.gcc_except_table .gcc_except_table.*)
                0xa0000000                . = ALIGN (0x4)

.persist        0xa0000000        0x0
                0xa0000000                _persist_begin = .
 *(.persist .persist.*)
 *(.pbss .pbss.*)
                0xa0000000                . = ALIGN (0x4)
                0xa0000000                _persist_end = .

.data           0xa0000000        0x0
 *(.gnu.linkonce.d.*)
 *(.data1)
                0xa0000000                . = ALIGN (0x4)
                0xa0000000                . = .
                0xa0007ff0                _gp = (ALIGN (0x10) + 0x7ff0)

.got            0xa0000000        0x0
 *(.got.plt)
 *(.got)
                0xa0000000                . = ALIGN (0x4)

.sdata          0xa0000000        0x0
                0xa0000000                _sdata_begin = .
 *(.sdata .sdata.* .gnu.linkonce.s.*)
                0xa0000000                . = ALIGN (0x4)
                0xa0000000                _sdata_end = .

.lit8
 *(.lit8)

.lit4
 *(.lit4)
                0xa0000000                . = ALIGN (0x4)
                0xa0000000                _data_end = .
                0xa0000000                _bss_begin = .

.sbss           0xa0000000       0x28
                0xa0000000                _sbss_begin = .
 *(.dynsbss)
 *(.sbss .sbss.* .gnu.linkonce.sb.*)
 .sbss          0xa0000000        0x1 build/default/production/_ext/361031364/usb_device_hid.o
 *fill*         0xa0000001        0x3 
 .sbss          0xa0000004        0x4 build/default/production/_ext/1360937237/app.o
 .sbss          0xa0000008        0xc build/default/production/_ext/1688732426/system_exceptions.o
 *(.scommon)
 .scommon       0xa0000014        0x8 build/default/production/_ext/1710693635/sys_devcon.o
                0xa0000014                sysDevconObj
 .scommon       0xa000001c        0x2 build/default/production/_ext/361031364/usb_device_hid.o
                0xa000001c                gUSBDeviceHidCommonDataObj
 *fill*         0xa000001e        0x2 
 .scommon       0xa0000020        0x7 build/default/production/_ext/1360937237/app.o
                0xa0000020                mouseReportPrevious
                0xa0000024                mouseReport
                0xa0000027                _sbss_end = .
                0xa0000028                . = ALIGN (0x4)
 *fill*         0xa0000027        0x1 

.bss            0xa0000200      0x24c
 *(.dynbss)
 *(COMMON)
 COMMON         0xa0000200       0x98 build/default/production/_ext/1466673911/drv_usbfs.o
                0xa0000200                gDrvUSBGroup
 COMMON         0xa0000298       0x70 build/default/production/_ext/361031364/usb_device_hid.o
                0xa0000298                gUsbDeviceHidInstance
                0xa00002c0                gUSBDeviceHIDIRP
 COMMON         0xa0000308       0x28 build/default/production/_ext/1360937237/app.o
                0xa0000308                appData
 *fill*         0xa0000330       0xd0 
 COMMON         0xa0000400       0x4c build/default/production/_ext/1688732426/system_init.o
                0xa0000400                endPointTable
                0xa0000440                sysObj
                0xa000044c                . = ALIGN ((. != 0x0)?0x4:0x1)
                0xa000044c                . = ALIGN (0x4)
                0xa000044c                _end = .
                0xa000044c                _bss_end = .
                0x00008000                _bmxdudba_address = 0x8000
                0x00008000                _bmxdupba_address = 0x8000

/DISCARD/
 *(.pdr)
 *(.rel.dyn)
 *(.note.GNU-stack)
 *(.note.GNU-stack)
 *(.gnu_debuglink)
 *(.gnu.lto_*)
 *(.discard)

.gptab.sdata
 *(.gptab.data)
 *(.gptab.sdata)

.gptab.sbss
 *(.gptab.bss)
 *(.gptab.sbss)

.mdebug.abi32   0xa000044c        0x0
 *(.mdebug.abi32)
 .mdebug.abi32  0xa000044c        0x0 build/default/production/_ext/1710693635/sys_devcon.o
 .mdebug.abi32  0xa000044c        0x0 build/default/production/_ext/1710693635/sys_devcon_pic32mx.o
 .mdebug.abi32  0xa000044c        0x0 build/default/production/_ext/1955241161/sys_int_pic32.o
 .mdebug.abi32  0xa000044c        0x0 build/default/production/_ext/1466673911/drv_usbfs.o
 .mdebug.abi32  0xa000044c        0x0 build/default/production/_ext/361031364/usb_device.o
 .mdebug.abi32  0xa000044c        0x0 build/default/production/_ext/1466673911/drv_usbfs_device.o
 .mdebug.abi32  0xa000044c        0x0 build/default/production/_ext/361031364/usb_device_hid.o
 .mdebug.abi32  0xa000044c        0x0 build/default/production/_ext/1360937237/app.o
 .mdebug.abi32  0xa000044c        0x0 build/default/production/_ext/639803181/sys_clk_static.o
 .mdebug.abi32  0xa000044c        0x0 build/default/production/_ext/822048611/sys_ports_static.o
 .mdebug.abi32  0xa000044c        0x0 build/default/production/_ext/1688732426/system_init.o
 .mdebug.abi32  0xa000044c        0x0 build/default/production/_ext/1688732426/system_interrupt.o
 .mdebug.abi32  0xa000044c        0x0 build/default/production/_ext/1688732426/system_exceptions.o
 .mdebug.abi32  0xa000044c        0x0 build/default/production/_ext/1360937237/main.o
 .mdebug.abi32  0xa000044c        0x0 build/default/production/_ext/1688732426/system_tasks.o
 .mdebug.abi32  0xa000044c        0x0 build/default/production/_ext/1360937237/mouse.o
 .mdebug.abi32  0xa000044c        0x0 build/default/production/_ext/1375409246/accel.o
 .mdebug.abi32  0xa000044c        0x0 build/default/production/_ext/1375409246/i2c_master_noint.o
 .mdebug.abi32  0xa000044c        0x0 c:/program files (x86)/microchip/xc32/v1.42/bin/bin/../../lib/gcc/pic32mx/4.8.3/../../../../pic32mx/lib\libpic32.a(default-bootstrap-exception-handler.o)
 .mdebug.abi32  0xa000044c        0x0 c:/program files (x86)/microchip/xc32/v1.42/bin/bin/../../lib/gcc/pic32mx/4.8.3/../../../../pic32mx/lib\libpic32.a(default-on-reset.o)
 .mdebug.abi32  0xa000044c        0x0 c:/program files (x86)/microchip/xc32/v1.42/bin/bin/../../lib/gcc/pic32mx/4.8.3/../../../../pic32mx/lib\libpic32.a(default-on-bootstrap.o)
 .mdebug.abi32  0xa000044c        0x0 c:/program files (x86)/microchip/xc32/v1.42/bin/bin/../../lib/gcc/pic32mx/4.8.3/../../../../pic32mx/lib\libpic32.a(defaultinterrupt.o)

.mdebug.abiN32
 *(.mdebug.abiN32)

.mdebug.abi64
 *(.mdebug.abi64)

.mdebug.abiO64
 *(.mdebug.abiO64)

.mdebug.eabi32
 *(.mdebug.eabi32)

.mdebug.eabi64
 *(.mdebug.eabi64)

.gcc_compiled_long32
 *(.gcc_compiled_long32)

.gcc_compiled_long64
 *(.gcc_compiled_long64)

.stab
 *(.stab)

.stabstr
 *(.stabstr)

.stab.excl
 *(.stab.excl)

.stab.exclstr
 *(.stab.exclstr)

.stab.index
 *(.stab.index)

.stab.indexstr
 *(.stab.indexstr)

.comment        0x00000000       0x54
 *(.comment)
 .comment       0x00000000       0x3c build/default/production/_ext/1710693635/sys_devcon.o
                                 0x3d (size before relaxing)
 .comment       0x00000000       0x3d build/default/production/_ext/1710693635/sys_devcon_pic32mx.o
 .comment       0x00000000       0x3d build/default/production/_ext/1955241161/sys_int_pic32.o
 .comment       0x00000000       0x3d build/default/production/_ext/1466673911/drv_usbfs.o
 .comment       0x00000000       0x3d build/default/production/_ext/361031364/usb_device.o
 .comment       0x00000000       0x3d build/default/production/_ext/1466673911/drv_usbfs_device.o
 .comment       0x00000000       0x3d build/default/production/_ext/361031364/usb_device_hid.o
 .comment       0x00000000       0x3d build/default/production/_ext/1360937237/app.o
 .comment       0x00000000       0x3d build/default/production/_ext/639803181/sys_clk_static.o
 .comment       0x00000000       0x3d build/default/production/_ext/822048611/sys_ports_static.o
 .comment       0x00000000       0x3d build/default/production/_ext/1688732426/system_init.o
 .comment       0x00000000       0x3d build/default/production/_ext/1688732426/system_interrupt.o
 .comment       0x00000000       0x3d build/default/production/_ext/1688732426/system_exceptions.o
 .comment       0x00000000       0x3d build/default/production/_ext/1360937237/main.o
 .comment       0x00000000       0x3d build/default/production/_ext/1688732426/system_tasks.o
 .comment       0x00000000       0x3d build/default/production/_ext/1360937237/mouse.o
 .comment       0x00000000       0x3d build/default/production/_ext/1375409246/accel.o
 .comment       0x00000000       0x3d build/default/production/_ext/1375409246/i2c_master_noint.o
 .comment       0x0000003c       0x18 c:/program files (x86)/microchip/xc32/v1.42/bin/bin/../../lib/gcc/pic32mx/4.8.3/../../../../pic32mx/lib\libpic32.a(memcmp.o)
                                 0x19 (size before relaxing)
 .comment       0x00000000       0x3d c:/program files (x86)/microchip/xc32/v1.42/bin/bin/../../lib/gcc/pic32mx/4.8.3/../../../../pic32mx/lib\libpic32.a(default-bootstrap-exception-handler.o)
 .comment       0x00000000       0x3d c:/program files (x86)/microchip/xc32/v1.42/bin/bin/../../lib/gcc/pic32mx/4.8.3/../../../../pic32mx/lib\libpic32.a(default-on-reset.o)
 .comment       0x00000000       0x3d c:/program files (x86)/microchip/xc32/v1.42/bin/bin/../../lib/gcc/pic32mx/4.8.3/../../../../pic32mx/lib\libpic32.a(default-on-bootstrap.o)
 .comment       0x00000000       0x3d c:/program files (x86)/microchip/xc32/v1.42/bin/bin/../../lib/gcc/pic32mx/4.8.3/../../../../pic32mx/lib\libpic32.a(defaultinterrupt.o)

.debug
 *(.debug)

.line
 *(.line)

.debug_srcinfo
 *(.debug_srcinfo)

.debug_sfnames
 *(.debug_sfnames)

.debug_aranges  0x00000000      0x718
 *(.debug_aranges)
 .debug_aranges
                0x00000000       0x78 build/default/production/_ext/1710693635/sys_devcon.o
 .debug_aranges
                0x00000078       0x20 build/default/production/_ext/1710693635/sys_devcon_pic32mx.o
 .debug_aranges
                0x00000098       0x48 build/default/production/_ext/1955241161/sys_int_pic32.o
 .debug_aranges
                0x000000e0       0x70 build/default/production/_ext/1466673911/drv_usbfs.o
 .debug_aranges
                0x00000150      0x150 build/default/production/_ext/361031364/usb_device.o
 .debug_aranges
                0x000002a0       0xc0 build/default/production/_ext/1466673911/drv_usbfs_device.o
 .debug_aranges
                0x00000360       0x68 build/default/production/_ext/361031364/usb_device_hid.o
 .debug_aranges
                0x000003c8       0x38 build/default/production/_ext/1360937237/app.o
 .debug_aranges
                0x00000400       0x50 build/default/production/_ext/639803181/sys_clk_static.o
 .debug_aranges
                0x00000450      0x108 build/default/production/_ext/822048611/sys_ports_static.o
 .debug_aranges
                0x00000558       0x20 build/default/production/_ext/1688732426/system_init.o
 .debug_aranges
                0x00000578       0x20 build/default/production/_ext/1688732426/system_interrupt.o
 .debug_aranges
                0x00000598       0x20 build/default/production/_ext/1688732426/system_exceptions.o
 .debug_aranges
                0x000005b8       0x20 build/default/production/_ext/1360937237/main.o
 .debug_aranges
                0x000005d8       0x20 build/default/production/_ext/1688732426/system_tasks.o
 .debug_aranges
                0x000005f8       0x20 build/default/production/_ext/1360937237/mouse.o
 .debug_aranges
                0x00000618       0x30 build/default/production/_ext/1375409246/accel.o
 .debug_aranges
                0x00000648       0x50 build/default/production/_ext/1375409246/i2c_master_noint.o
 .debug_aranges
                0x00000698       0x20 c:/program files (x86)/microchip/xc32/v1.42/bin/bin/../../lib/gcc/pic32mx/4.8.3/../../../../pic32mx/lib\libpic32.a(default-bootstrap-exception-handler.o)
 .debug_aranges
                0x000006b8       0x20 c:/program files (x86)/microchip/xc32/v1.42/bin/bin/../../lib/gcc/pic32mx/4.8.3/../../../../pic32mx/lib\libpic32.a(default-on-reset.o)
 .debug_aranges
                0x000006d8       0x20 c:/program files (x86)/microchip/xc32/v1.42/bin/bin/../../lib/gcc/pic32mx/4.8.3/../../../../pic32mx/lib\libpic32.a(default-on-bootstrap.o)
 .debug_aranges
                0x000006f8       0x20 c:/program files (x86)/microchip/xc32/v1.42/bin/bin/../../lib/gcc/pic32mx/4.8.3/../../../../pic32mx/lib\libpic32.a(defaultinterrupt.o)

.debug_pubnames
 *(.debug_pubnames)

.debug_info     0x00000000    0x26f95
 *(.debug_info .gnu.linkonce.wi.*)
 .debug_info    0x00000000      0xf46 build/default/production/_ext/1710693635/sys_devcon.o
 .debug_info    0x00000f46      0x756 build/default/production/_ext/1710693635/sys_devcon_pic32mx.o
 .debug_info    0x0000169c     0x129a build/default/production/_ext/1955241161/sys_int_pic32.o
 .debug_info    0x00002936     0x35f5 build/default/production/_ext/1466673911/drv_usbfs.o
 .debug_info    0x00005f2b     0x52db build/default/production/_ext/361031364/usb_device.o
 .debug_info    0x0000b206     0x65ba build/default/production/_ext/1466673911/drv_usbfs_device.o
 .debug_info    0x000117c0     0x42f3 build/default/production/_ext/361031364/usb_device_hid.o
 .debug_info    0x00015ab3     0x3abe build/default/production/_ext/1360937237/app.o
 .debug_info    0x00019571     0x1931 build/default/production/_ext/639803181/sys_clk_static.o
 .debug_info    0x0001aea2     0x3feb build/default/production/_ext/822048611/sys_ports_static.o
 .debug_info    0x0001ee8d     0x45fe build/default/production/_ext/1688732426/system_init.o
 .debug_info    0x0002348b      0xa66 build/default/production/_ext/1688732426/system_interrupt.o
 .debug_info    0x00023ef1     0x1321 build/default/production/_ext/1688732426/system_exceptions.o
 .debug_info    0x00025212      0x19f build/default/production/_ext/1360937237/main.o
 .debug_info    0x000253b1      0xac3 build/default/production/_ext/1688732426/system_tasks.o
 .debug_info    0x00025e74      0x323 build/default/production/_ext/1360937237/mouse.o
 .debug_info    0x00026197      0x3c9 build/default/production/_ext/1375409246/accel.o
 .debug_info    0x00026560      0x6b1 build/default/production/_ext/1375409246/i2c_master_noint.o
 .debug_info    0x00026c11       0xf5 c:/program files (x86)/microchip/xc32/v1.42/bin/bin/../../lib/gcc/pic32mx/4.8.3/../../../../pic32mx/lib\libpic32.a(default-bootstrap-exception-handler.o)
 .debug_info    0x00026d06       0xcf c:/program files (x86)/microchip/xc32/v1.42/bin/bin/../../lib/gcc/pic32mx/4.8.3/../../../../pic32mx/lib\libpic32.a(default-on-reset.o)
 .debug_info    0x00026dd5       0xd7 c:/program files (x86)/microchip/xc32/v1.42/bin/bin/../../lib/gcc/pic32mx/4.8.3/../../../../pic32mx/lib\libpic32.a(default-on-bootstrap.o)
 .debug_info    0x00026eac       0xe9 c:/program files (x86)/microchip/xc32/v1.42/bin/bin/../../lib/gcc/pic32mx/4.8.3/../../../../pic32mx/lib\libpic32.a(defaultinterrupt.o)

.debug_abbrev   0x00000000     0x27d7
 *(.debug_abbrev)
 .debug_abbrev  0x00000000      0x285 build/default/production/_ext/1710693635/sys_devcon.o
 .debug_abbrev  0x00000285      0x162 build/default/production/_ext/1710693635/sys_devcon_pic32mx.o
 .debug_abbrev  0x000003e7      0x1d0 build/default/production/_ext/1955241161/sys_int_pic32.o
 .debug_abbrev  0x000005b7      0x436 build/default/production/_ext/1466673911/drv_usbfs.o
 .debug_abbrev  0x000009ed      0x40c build/default/production/_ext/361031364/usb_device.o
 .debug_abbrev  0x00000df9      0x46b build/default/production/_ext/1466673911/drv_usbfs_device.o
 .debug_abbrev  0x00001264      0x43c build/default/production/_ext/361031364/usb_device_hid.o
 .debug_abbrev  0x000016a0      0x322 build/default/production/_ext/1360937237/app.o
 .debug_abbrev  0x000019c2      0x27b build/default/production/_ext/639803181/sys_clk_static.o
 .debug_abbrev  0x00001c3d      0x241 build/default/production/_ext/822048611/sys_ports_static.o
 .debug_abbrev  0x00001e7e      0x363 build/default/production/_ext/1688732426/system_init.o
 .debug_abbrev  0x000021e1       0xb0 build/default/production/_ext/1688732426/system_interrupt.o
 .debug_abbrev  0x00002291       0xb6 build/default/production/_ext/1688732426/system_exceptions.o
 .debug_abbrev  0x00002347       0x93 build/default/production/_ext/1360937237/main.o
 .debug_abbrev  0x000023da       0xc3 build/default/production/_ext/1688732426/system_tasks.o
 .debug_abbrev  0x0000249d       0xcb build/default/production/_ext/1360937237/mouse.o
 .debug_abbrev  0x00002568       0xd5 build/default/production/_ext/1375409246/accel.o
 .debug_abbrev  0x0000263d       0xfa build/default/production/_ext/1375409246/i2c_master_noint.o
 .debug_abbrev  0x00002737       0x28 c:/program files (x86)/microchip/xc32/v1.42/bin/bin/../../lib/gcc/pic32mx/4.8.3/../../../../pic32mx/lib\libpic32.a(default-bootstrap-exception-handler.o)
 .debug_abbrev  0x0000275f       0x28 c:/program files (x86)/microchip/xc32/v1.42/bin/bin/../../lib/gcc/pic32mx/4.8.3/../../../../pic32mx/lib\libpic32.a(default-on-reset.o)
 .debug_abbrev  0x00002787       0x28 c:/program files (x86)/microchip/xc32/v1.42/bin/bin/../../lib/gcc/pic32mx/4.8.3/../../../../pic32mx/lib\libpic32.a(default-on-bootstrap.o)
 .debug_abbrev  0x000027af       0x28 c:/program files (x86)/microchip/xc32/v1.42/bin/bin/../../lib/gcc/pic32mx/4.8.3/../../../../pic32mx/lib\libpic32.a(defaultinterrupt.o)

.debug_line     0x00000000     0x5653
 *(.debug_line)
 .debug_line    0x00000000      0x59b build/default/production/_ext/1710693635/sys_devcon.o
 .debug_line    0x0000059b      0x379 build/default/production/_ext/1710693635/sys_devcon_pic32mx.o
 .debug_line    0x00000914      0x38c build/default/production/_ext/1955241161/sys_int_pic32.o
 .debug_line    0x00000ca0      0x870 build/default/production/_ext/1466673911/drv_usbfs.o
 .debug_line    0x00001510      0x8d9 build/default/production/_ext/361031364/usb_device.o
 .debug_line    0x00001de9      0xed9 build/default/production/_ext/1466673911/drv_usbfs_device.o
 .debug_line    0x00002cc2      0x591 build/default/production/_ext/361031364/usb_device_hid.o
 .debug_line    0x00003253      0x3bf build/default/production/_ext/1360937237/app.o
 .debug_line    0x00003612      0x459 build/default/production/_ext/639803181/sys_clk_static.o
 .debug_line    0x00003a6b      0x8d5 build/default/production/_ext/822048611/sys_ports_static.o
 .debug_line    0x00004340      0x68f build/default/production/_ext/1688732426/system_init.o
 .debug_line    0x000049cf      0x1df build/default/production/_ext/1688732426/system_interrupt.o
 .debug_line    0x00004bae      0x1ad build/default/production/_ext/1688732426/system_exceptions.o
 .debug_line    0x00004d5b       0xb3 build/default/production/_ext/1360937237/main.o
 .debug_line    0x00004e0e      0x294 build/default/production/_ext/1688732426/system_tasks.o
 .debug_line    0x000050a2      0x126 build/default/production/_ext/1360937237/mouse.o
 .debug_line    0x000051c8       0xc3 build/default/production/_ext/1375409246/accel.o
 .debug_line    0x0000528b      0x147 build/default/production/_ext/1375409246/i2c_master_noint.o
 .debug_line    0x000053d2       0xa9 c:/program files (x86)/microchip/xc32/v1.42/bin/bin/../../lib/gcc/pic32mx/4.8.3/../../../../pic32mx/lib\libpic32.a(default-bootstrap-exception-handler.o)
 .debug_line    0x0000547b       0x96 c:/program files (x86)/microchip/xc32/v1.42/bin/bin/../../lib/gcc/pic32mx/4.8.3/../../../../pic32mx/lib\libpic32.a(default-on-reset.o)
 .debug_line    0x00005511       0x9a c:/program files (x86)/microchip/xc32/v1.42/bin/bin/../../lib/gcc/pic32mx/4.8.3/../../../../pic32mx/lib\libpic32.a(default-on-bootstrap.o)
 .debug_line    0x000055ab       0xa8 c:/program files (x86)/microchip/xc32/v1.42/bin/bin/../../lib/gcc/pic32mx/4.8.3/../../../../pic32mx/lib\libpic32.a(defaultinterrupt.o)

.debug_frame    0x00000000      0xeec
 *(.debug_frame)
 .debug_frame   0x00000000       0xe8 build/default/production/_ext/1710693635/sys_devcon.o
 .debug_frame   0x000000e8       0x28 build/default/production/_ext/1710693635/sys_devcon_pic32mx.o
 .debug_frame   0x00000110       0x90 build/default/production/_ext/1955241161/sys_int_pic32.o
 .debug_frame   0x000001a0       0xe8 build/default/production/_ext/1466673911/drv_usbfs.o
 .debug_frame   0x00000288      0x3d8 build/default/production/_ext/361031364/usb_device.o
 .debug_frame   0x00000660      0x1f4 build/default/production/_ext/1466673911/drv_usbfs_device.o
 .debug_frame   0x00000854      0x100 build/default/production/_ext/361031364/usb_device_hid.o
 .debug_frame   0x00000954       0x80 build/default/production/_ext/1360937237/app.o
 .debug_frame   0x000009d4       0xa0 build/default/production/_ext/639803181/sys_clk_static.o
 .debug_frame   0x00000a74      0x1f0 build/default/production/_ext/822048611/sys_ports_static.o
 .debug_frame   0x00000c64       0x28 build/default/production/_ext/1688732426/system_init.o
 .debug_frame   0x00000c8c       0x64 build/default/production/_ext/1688732426/system_interrupt.o
 .debug_frame   0x00000cf0       0x28 build/default/production/_ext/1688732426/system_exceptions.o
 .debug_frame   0x00000d18       0x28 build/default/production/_ext/1360937237/main.o
 .debug_frame   0x00000d40       0x28 build/default/production/_ext/1688732426/system_tasks.o
 .debug_frame   0x00000d68       0x20 build/default/production/_ext/1360937237/mouse.o
 .debug_frame   0x00000d88       0x58 build/default/production/_ext/1375409246/accel.o
 .debug_frame   0x00000de0       0x80 build/default/production/_ext/1375409246/i2c_master_noint.o
 .debug_frame   0x00000e60       0x2c c:/program files (x86)/microchip/xc32/v1.42/bin/bin/../../lib/gcc/pic32mx/4.8.3/../../../../pic32mx/lib\libpic32.a(default-bootstrap-exception-handler.o)
 .debug_frame   0x00000e8c       0x20 c:/program files (x86)/microchip/xc32/v1.42/bin/bin/../../lib/gcc/pic32mx/4.8.3/../../../../pic32mx/lib\libpic32.a(default-on-reset.o)
 .debug_frame   0x00000eac       0x20 c:/program files (x86)/microchip/xc32/v1.42/bin/bin/../../lib/gcc/pic32mx/4.8.3/../../../../pic32mx/lib\libpic32.a(default-on-bootstrap.o)
 .debug_frame   0x00000ecc       0x20 c:/program files (x86)/microchip/xc32/v1.42/bin/bin/../../lib/gcc/pic32mx/4.8.3/../../../../pic32mx/lib\libpic32.a(defaultinterrupt.o)

.debug_str      0x00000000      0x8e9
 *(.debug_str)
 .debug_str     0x00000000       0x16 build/default/production/_ext/1710693635/sys_devcon.o
 .debug_str     0x00000016        0x6 build/default/production/_ext/1710693635/sys_devcon_pic32mx.o
 .debug_str     0x0000001c       0x2d build/default/production/_ext/1955241161/sys_int_pic32.o
 .debug_str     0x00000049       0xa2 build/default/production/_ext/1466673911/drv_usbfs.o
 .debug_str     0x000000eb      0x29f build/default/production/_ext/361031364/usb_device.o
 .debug_str     0x0000038a      0x179 build/default/production/_ext/1466673911/drv_usbfs_device.o
 .debug_str     0x00000503      0x141 build/default/production/_ext/361031364/usb_device_hid.o
 .debug_str     0x00000644       0xa5 build/default/production/_ext/1360937237/app.o
 .debug_str     0x000006e9       0x46 build/default/production/_ext/639803181/sys_clk_static.o
 .debug_str     0x0000072f       0xa1 build/default/production/_ext/822048611/sys_ports_static.o
 .debug_str     0x000007d0      0x119 build/default/production/_ext/1688732426/system_init.o
 .debug_str     0x000008e9        0x0 build/default/production/_ext/1688732426/system_interrupt.o
 .debug_str     0x000008e9        0x0 build/default/production/_ext/1688732426/system_exceptions.o
 .debug_str     0x000008e9        0x0 build/default/production/_ext/1360937237/main.o
 .debug_str     0x000008e9        0x0 build/default/production/_ext/1688732426/system_tasks.o
 .debug_str     0x000008e9        0x0 build/default/production/_ext/1360937237/mouse.o
 .debug_str     0x000008e9        0x0 build/default/production/_ext/1375409246/accel.o
 .debug_str     0x000008e9        0x0 build/default/production/_ext/1375409246/i2c_master_noint.o
 .debug_str     0x000008e9        0x0 c:/program files (x86)/microchip/xc32/v1.42/bin/bin/../../lib/gcc/pic32mx/4.8.3/../../../../pic32mx/lib\libpic32.a(default-bootstrap-exception-handler.o)
 .debug_str     0x000008e9        0x0 c:/program files (x86)/microchip/xc32/v1.42/bin/bin/../../lib/gcc/pic32mx/4.8.3/../../../../pic32mx/lib\libpic32.a(default-on-reset.o)
 .debug_str     0x000008e9        0x0 c:/program files (x86)/microchip/xc32/v1.42/bin/bin/../../lib/gcc/pic32mx/4.8.3/../../../../pic32mx/lib\libpic32.a(default-on-bootstrap.o)
 .debug_str     0x000008e9        0x0 c:/program files (x86)/microchip/xc32/v1.42/bin/bin/../../lib/gcc/pic32mx/4.8.3/../../../../pic32mx/lib\libpic32.a(defaultinterrupt.o)

.debug_loc      0x00000000     0x6e9b
 *(.debug_loc)
 .debug_loc     0x00000000       0xf0 build/default/production/_ext/1710693635/sys_devcon.o
 .debug_loc     0x000000f0       0x91 build/default/production/_ext/1710693635/sys_devcon_pic32mx.o
 .debug_loc     0x00000181       0x8d build/default/production/_ext/1955241161/sys_int_pic32.o
 .debug_loc     0x0000020e      0x624 build/default/production/_ext/1466673911/drv_usbfs.o
 .debug_loc     0x00000832     0x1af3 build/default/production/_ext/361031364/usb_device.o
 .debug_loc     0x00002325     0x2ada build/default/production/_ext/1466673911/drv_usbfs_device.o
 .debug_loc     0x00004dff      0xcb7 build/default/production/_ext/361031364/usb_device_hid.o
 .debug_loc     0x00005ab6      0x340 build/default/production/_ext/1360937237/app.o
 .debug_loc     0x00005df6       0x49 build/default/production/_ext/639803181/sys_clk_static.o
 .debug_loc     0x00005e3f      0xe83 build/default/production/_ext/822048611/sys_ports_static.o
 .debug_loc     0x00006cc2       0x21 build/default/production/_ext/1688732426/system_init.o
 .debug_loc     0x00006ce3       0x2c build/default/production/_ext/1360937237/mouse.o
 .debug_loc     0x00006d0f      0x16b build/default/production/_ext/1375409246/accel.o
 .debug_loc     0x00006e7a       0x21 build/default/production/_ext/1375409246/i2c_master_noint.o

.debug_macinfo
 *(.debug_macinfo)

.debug_weaknames
 *(.debug_weaknames)

.debug_funcnames
 *(.debug_funcnames)

.debug_typenames
 *(.debug_typenames)

.debug_varnames
 *(.debug_varnames)

.debug_pubtypes
 *(.debug_pubtypes)

.debug_ranges   0x00000000      0x758
 *(.debug_ranges)
 .debug_ranges  0x00000000       0x68 build/default/production/_ext/1710693635/sys_devcon.o
 .debug_ranges  0x00000068       0x10 build/default/production/_ext/1710693635/sys_devcon_pic32mx.o
 .debug_ranges  0x00000078       0x50 build/default/production/_ext/1955241161/sys_int_pic32.o
 .debug_ranges  0x000000c8       0x78 build/default/production/_ext/1466673911/drv_usbfs.o
 .debug_ranges  0x00000140      0x140 build/default/production/_ext/361031364/usb_device.o
 .debug_ranges  0x00000280      0x200 build/default/production/_ext/1466673911/drv_usbfs_device.o
 .debug_ranges  0x00000480       0x58 build/default/production/_ext/361031364/usb_device_hid.o
 .debug_ranges  0x000004d8       0x48 build/default/production/_ext/1360937237/app.o
 .debug_ranges  0x00000520       0x40 build/default/production/_ext/639803181/sys_clk_static.o
 .debug_ranges  0x00000560       0xf8 build/default/production/_ext/822048611/sys_ports_static.o
 .debug_ranges  0x00000658       0x10 build/default/production/_ext/1688732426/system_init.o
 .debug_ranges  0x00000668       0x10 build/default/production/_ext/1688732426/system_interrupt.o
 .debug_ranges  0x00000678       0x10 build/default/production/_ext/1688732426/system_exceptions.o
 .debug_ranges  0x00000688       0x10 build/default/production/_ext/1360937237/main.o
 .debug_ranges  0x00000698       0x10 build/default/production/_ext/1688732426/system_tasks.o
 .debug_ranges  0x000006a8       0x10 build/default/production/_ext/1360937237/mouse.o
 .debug_ranges  0x000006b8       0x20 build/default/production/_ext/1375409246/accel.o
 .debug_ranges  0x000006d8       0x40 build/default/production/_ext/1375409246/i2c_master_noint.o
 .debug_ranges  0x00000718       0x10 c:/program files (x86)/microchip/xc32/v1.42/bin/bin/../../lib/gcc/pic32mx/4.8.3/../../../../pic32mx/lib\libpic32.a(default-bootstrap-exception-handler.o)
 .debug_ranges  0x00000728       0x10 c:/program files (x86)/microchip/xc32/v1.42/bin/bin/../../lib/gcc/pic32mx/4.8.3/../../../../pic32mx/lib\libpic32.a(default-on-reset.o)
 .debug_ranges  0x00000738       0x10 c:/program files (x86)/microchip/xc32/v1.42/bin/bin/../../lib/gcc/pic32mx/4.8.3/../../../../pic32mx/lib\libpic32.a(default-on-bootstrap.o)
 .debug_ranges  0x00000748       0x10 c:/program files (x86)/microchip/xc32/v1.42/bin/bin/../../lib/gcc/pic32mx/4.8.3/../../../../pic32mx/lib\libpic32.a(defaultinterrupt.o)

.gnu.attributes
                0x00000000       0x10
 *(.gnu.attributes)
 .gnu.attributes
                0x00000000       0x10 build/default/production/_ext/1710693635/sys_devcon.o
 .gnu.attributes
                0x00000010       0x10 build/default/production/_ext/1710693635/sys_devcon_pic32mx.o
 .gnu.attributes
                0x00000020       0x10 build/default/production/_ext/1955241161/sys_int_pic32.o
 .gnu.attributes
                0x00000030       0x10 build/default/production/_ext/1466673911/drv_usbfs.o
 .gnu.attributes
                0x00000040       0x10 build/default/production/_ext/361031364/usb_device.o
 .gnu.attributes
                0x00000050       0x10 build/default/production/_ext/1466673911/drv_usbfs_device.o
 .gnu.attributes
                0x00000060       0x10 build/default/production/_ext/361031364/usb_device_hid.o
 .gnu.attributes
                0x00000070       0x10 build/default/production/_ext/1360937237/app.o
 .gnu.attributes
                0x00000080       0x10 build/default/production/_ext/639803181/sys_clk_static.o
 .gnu.attributes
                0x00000090       0x10 build/default/production/_ext/822048611/sys_ports_static.o
 .gnu.attributes
                0x000000a0       0x10 build/default/production/_ext/1688732426/system_init.o
 .gnu.attributes
                0x000000b0       0x10 build/default/production/_ext/1688732426/system_interrupt.o
 .gnu.attributes
                0x000000c0       0x10 build/default/production/_ext/1688732426/system_exceptions.o
 .gnu.attributes
                0x000000d0       0x10 build/default/production/_ext/1360937237/main.o
 .gnu.attributes
                0x000000e0       0x10 build/default/production/_ext/1688732426/system_tasks.o
 .gnu.attributes
                0x000000f0       0x10 build/default/production/_ext/1360937237/mouse.o
 .gnu.attributes
                0x00000100       0x10 build/default/production/_ext/1375409246/accel.o
 .gnu.attributes
                0x00000110       0x10 build/default/production/_ext/1375409246/i2c_master_noint.o
 .gnu.attributes
                0x00000120       0x10 c:/program files (x86)/microchip/xc32/v1.42/bin/bin/../../lib/gcc/pic32mx/4.8.3/../../../../pic32mx/lib\libpic32.a(default-bootstrap-exception-handler.o)
 .gnu.attributes
                0x00000130       0x10 c:/program files (x86)/microchip/xc32/v1.42/bin/bin/../../lib/gcc/pic32mx/4.8.3/../../../../pic32mx/lib\libpic32.a(default-on-reset.o)
 .gnu.attributes
                0x00000140       0x10 c:/program files (x86)/microchip/xc32/v1.42/bin/bin/../../lib/gcc/pic32mx/4.8.3/../../../../pic32mx/lib\libpic32.a(default-on-bootstrap.o)
 .gnu.attributes
                0x00000150       0x10 c:/program files (x86)/microchip/xc32/v1.42/bin/bin/../../lib/gcc/pic32mx/4.8.3/../../../../pic32mx/lib\libpic32.a(defaultinterrupt.o)
LOAD c:/program files (x86)/microchip/xc32/v1.42/bin/bin/../../lib/gcc/pic32mx/4.8.3\libgcc.a
START GROUP
LOAD c:/program files (x86)/microchip/xc32/v1.42/bin/bin/../../lib/gcc/pic32mx/4.8.3/../../../../pic32mx/lib\libpic32.a
LOAD c:/program files (x86)/microchip/xc32/v1.42/bin/bin/../../lib/gcc/pic32mx/4.8.3/../../../../pic32mx/lib\libdebug.a
LOAD c:/program files (x86)/microchip/xc32/v1.42/bin/bin/../../lib/gcc/pic32mx/4.8.3/../../../../pic32mx/lib\libpic32.a
LOAD c:/program files (x86)/microchip/xc32/v1.42/bin/bin/../../lib/gcc/pic32mx/4.8.3/../../../../pic32mx/lib\libm.a
LOAD c:/program files (x86)/microchip/xc32/v1.42/bin/bin/../../lib/gcc/pic32mx/4.8.3/../../../../pic32mx/lib\libe.a
LOAD c:/program files (x86)/microchip/xc32/v1.42/bin/bin/../../lib/gcc/pic32mx/4.8.3/../../../../pic32mx/lib\libdsp.a
LOAD c:/program files (x86)/microchip/xc32/v1.42/bin/bin/../../lib/gcc/pic32mx/4.8.3\libgcc.a
LOAD c:/program files (x86)/microchip/xc32/v1.42/bin/bin/../../lib/gcc/pic32mx/4.8.3/../../../../pic32mx/lib\libc.a
LOAD c:/program files (x86)/microchip/xc32/v1.42/bin/bin/../../lib/gcc/pic32mx/4.8.3/../../../../pic32mx/lib\libc.a
LOAD c:/program files (x86)/microchip/xc32/v1.42/bin/bin/../../lib/gcc/pic32mx/4.8.3/../../../../pic32mx/lib\libpic32.a
END GROUP
LOAD c:/program files (x86)/microchip/xc32/v1.42/bin/bin/../../lib/gcc/pic32mx/4.8.3\libgcc.a
OUTPUT(dist/default/production/HW11.X.production.elf elf32-tradlittlemips)
LOAD stack
LOAD data_init

.reginfo        0x00000000       0x18
 .reginfo       0x00000000       0x18 c:/program files (x86)/microchip/xc32/v1.42/bin/bin/../../lib/gcc/pic32mx/4.8.3/../../../../pic32mx/lib/./proc/32MX250F128B/crt0_mips32r2.o

.stack          0xa0000468      0x400
 .stack         0xa0000468      0x400 stack

.bss            0xa0000028       0xb8
 .bss           0xa0000028       0xb8 build/default/production/_ext/361031364/usb_device.o

.data           0xa00000e0       0x50
 .data          0xa00000e0       0x50 build/default/production/_ext/1466673911/drv_usbfs_device.o
                0xa00000e0                gDrvUSBFSDeviceInterface

._debug_exception
                0xbfc00480       0x2c
 ._debug_exception
                0xbfc00480       0x2c c:/program files (x86)/microchip/xc32/v1.42/bin/bin/../../lib/gcc/pic32mx/4.8.3/../../../../pic32mx/lib\debug-exception-return.o
                0xbfc00480                __DbgExecReturn

.text._DRV_USBFS_DEVICE_Tasks_ISR
                0x9d000000      0x7e0
 .text._DRV_USBFS_DEVICE_Tasks_ISR
                0x9d000000      0x7e0 build/default/production/_ext/1466673911/drv_usbfs_device.o
                0x9d000000                _DRV_USBFS_DEVICE_Tasks_ISR

.text._USB_DEVICE_HID_ControlTransferHandler
                0x9d0007e0      0x300
 .text._USB_DEVICE_HID_ControlTransferHandler
                0x9d0007e0      0x300 build/default/production/_ext/361031364/usb_device_hid.o
                0x9d0007e0                _USB_DEVICE_HID_ControlTransferHandler

.text._USB_DEVICE_ProcessStandardDeviceGetRequests
                0x9d000ae0      0x268
 .text._USB_DEVICE_ProcessStandardDeviceGetRequests
                0x9d000ae0      0x268 build/default/production/_ext/361031364/usb_device.o
                0x9d000ae0                _USB_DEVICE_ProcessStandardDeviceGetRequests

.text.APP_Tasks
                0x9d000d48      0x24c
 .text.APP_Tasks
                0x9d000d48      0x24c build/default/production/_ext/1360937237/app.o
                0x9d000d48                APP_Tasks

.text.fp32div   0x9d000f94      0x230
 .text.fp32div  0x9d000f94      0x230 c:/program files (x86)/microchip/xc32/v1.42/bin/bin/../../lib/gcc/pic32mx/4.8.3/../../../../pic32mx/lib\libm.a(fp32div.o)
                0x9d000f94                fpdiv
                0x9d000f94                __divsf3

.text.DRV_USBFS_DEVICE_IRPSubmit
                0x9d0011c4      0x21c
 .text.DRV_USBFS_DEVICE_IRPSubmit
                0x9d0011c4      0x21c build/default/production/_ext/1466673911/drv_usbfs_device.o
                0x9d0011c4                DRV_USBFS_DEVICE_IRPSubmit

.text._USB_DEVICE_EventHandler
                0x9d0013e0      0x214
 .text._USB_DEVICE_EventHandler
                0x9d0013e0      0x214 build/default/production/_ext/361031364/usb_device.o
                0x9d0013e0                _USB_DEVICE_EventHandler

.text._USB_DEVICE_ProcessStandardDeviceSetRequests
                0x9d0015f4      0x214
 .text._USB_DEVICE_ProcessStandardDeviceSetRequests
                0x9d0015f4      0x214 build/default/production/_ext/361031364/usb_device.o
                0x9d0015f4                _USB_DEVICE_ProcessStandardDeviceSetRequests

.text.DRV_USBFS_DEVICE_EndpointEnable
                0x9d001808      0x208
 .text.DRV_USBFS_DEVICE_EndpointEnable
                0x9d001808      0x208 build/default/production/_ext/1466673911/drv_usbfs_device.o
                0x9d001808                DRV_USBFS_DEVICE_EndpointEnable

.text._USB_DEVICE_ControlTransferHandler
                0x9d001a10      0x204
 .text._USB_DEVICE_ControlTransferHandler
                0x9d001a10      0x204 build/default/production/_ext/361031364/usb_device.o
                0x9d001a10                _USB_DEVICE_ControlTransferHandler

.text.DRV_USBFS_Initialize
                0x9d001c14      0x1d8
 .text.DRV_USBFS_Initialize
                0x9d001c14      0x1d8 build/default/production/_ext/1466673911/drv_usbfs.o
                0x9d001c14                DRV_USBFS_Initialize

.text.DRV_USBFS_DEVICE_EndpointStallClear
                0x9d001dec      0x1b8
 .text.DRV_USBFS_DEVICE_EndpointStallClear
                0x9d001dec      0x1b8 build/default/production/_ext/1466673911/drv_usbfs_device.o
                0x9d001dec                DRV_USBFS_DEVICE_EndpointStallClear

.text.DRV_USBFS_DEVICE_EndpointStall
                0x9d001fa4      0x1ac
 .text.DRV_USBFS_DEVICE_EndpointStall
                0x9d001fa4      0x1ac build/default/production/_ext/1466673911/drv_usbfs_device.o
                0x9d001fa4                DRV_USBFS_DEVICE_EndpointStall

.text._USB_DEVICE_Ep0ReceiveCompleteCallback
                0x9d002150      0x184
 .text._USB_DEVICE_Ep0ReceiveCompleteCallback
                0x9d002150      0x184 build/default/production/_ext/361031364/usb_device.o
                0x9d002150                _USB_DEVICE_Ep0ReceiveCompleteCallback

.text.DRV_USBFS_DEVICE_EndpointDisable
                0x9d0022d4      0x184
 .text.DRV_USBFS_DEVICE_EndpointDisable
                0x9d0022d4      0x184 build/default/production/_ext/1466673911/drv_usbfs_device.o
                0x9d0022d4                DRV_USBFS_DEVICE_EndpointDisable

.text.USB_DEVICE_HID_ReportSend
                0x9d002458      0x17c
 .text.USB_DEVICE_HID_ReportSend
                0x9d002458      0x17c build/default/production/_ext/361031364/usb_device_hid.o
                0x9d002458                USB_DEVICE_HID_ReportSend

.text.USB_DEVICE_Tasks
                0x9d0025d4      0x170
 .text.USB_DEVICE_Tasks
                0x9d0025d4      0x170 build/default/production/_ext/361031364/usb_device.o
                0x9d0025d4                USB_DEVICE_Tasks

.text           0x9d002744      0x168
 .text          0x9d002744      0x168 c:/program files (x86)/microchip/xc32/v1.42/bin/bin/../../lib/gcc/pic32mx/4.8.3/../../../../pic32mx/lib\libpic32.a(memcpy.o)
                0x9d002744                memcpy

.rodata         0x9d0028ac      0x164
 .rodata        0x9d0028ac      0x164 build/default/production/_ext/1688732426/system_init.o
                0x9d0028ac                usbDevInitData
                0x9d0028e0                usbMasterDescriptor
                0x9d00290c                stringDescriptors
                0x9d002918                sd002
                0x9d002938                sd001
                0x9d002940                sd000
                0x9d002944                fullSpeedConfigDescSet
                0x9d002948                fullSpeedConfigurationDescriptor
                0x9d002974                deviceDescriptor
                0x9d002988                funcRegistrationTable
                0x9d00299c                hidInit0
                0x9d0029ac                hid_rpt0
                0x9d0029e0                sysDevconInit
                0x9d0029e4                drvUSBInit

.text.USB_DEVICE_Initialize
                0x9d002a10      0x158
 .text.USB_DEVICE_Initialize
                0x9d002a10      0x158 build/default/production/_ext/361031364/usb_device.o
                0x9d002a10                USB_DEVICE_Initialize

.text._USB_DEVICE_HID_InitializeByDescriptorType
                0x9d002b68      0x14c
 .text._USB_DEVICE_HID_InitializeByDescriptorType
                0x9d002b68      0x14c build/default/production/_ext/361031364/usb_device_hid.o
                0x9d002b68                _USB_DEVICE_HID_InitializeByDescriptorType

.text.DRV_USBFS_DEVICE_IRPCancel
                0x9d002cb4      0x140
 .text.DRV_USBFS_DEVICE_IRPCancel
                0x9d002cb4      0x140 build/default/production/_ext/1466673911/drv_usbfs_device.o
                0x9d002cb4                DRV_USBFS_DEVICE_IRPCancel

.text.DRV_USBFS_DEVICE_IRPCancelAll
                0x9d002df4      0x13c
 .text.DRV_USBFS_DEVICE_IRPCancelAll
                0x9d002df4      0x13c build/default/production/_ext/1466673911/drv_usbfs_device.o
                0x9d002df4                DRV_USBFS_DEVICE_IRPCancelAll

.text._IntHandlerUSBInstance0
                0x9d002f30      0x134
 .text._IntHandlerUSBInstance0
                0x9d002f30      0x134 build/default/production/_ext/1688732426/system_interrupt.o
                0x9d002f30                _IntHandlerUSBInstance0

.rodata         0x9d003064      0x128
 .rodata        0x9d003064      0x128 build/default/production/_ext/1688732426/system_exceptions.o

.text.APP_USBDeviceEventHandler
                0x9d00318c      0x10c
 .text.APP_USBDeviceEventHandler
                0x9d00318c      0x10c build/default/production/_ext/1360937237/app.o
                0x9d00318c                APP_USBDeviceEventHandler

.text._USB_DEVICE_ConfigureDevice
                0x9d003298      0x100
 .text._USB_DEVICE_ConfigureDevice
                0x9d003298      0x100 build/default/production/_ext/361031364/usb_device.o
                0x9d003298                _USB_DEVICE_ConfigureDevice

.text._USB_DEVICE_ProcessStandardEndpointRequest
                0x9d003398      0x100
 .text._USB_DEVICE_ProcessStandardEndpointRequest
                0x9d003398      0x100 build/default/production/_ext/361031364/usb_device.o
                0x9d003398                _USB_DEVICE_ProcessStandardEndpointRequest

.text.general_exception
                0x9d003498       0xdc
 .text.general_exception
                0x9d003498       0xdc c:/program files (x86)/microchip/xc32/v1.42/bin/bin/../../lib/gcc/pic32mx/4.8.3/../../../../pic32mx/lib\libpic32.a(general-exception.o)
                0x9d003498                _general_exception_context

.text._DRV_USBFS_DEVICE_EndpointBDTEntryArm
                0x9d003574       0xd8
 .text._DRV_USBFS_DEVICE_EndpointBDTEntryArm
                0x9d003574       0xd8 build/default/production/_ext/1466673911/drv_usbfs_device.o
                0x9d003574                _DRV_USBFS_DEVICE_EndpointBDTEntryArm

.text._USB_DEVICE_GetStringDescriptorRequestProcess
                0x9d00364c       0xd4
 .text._USB_DEVICE_GetStringDescriptorRequestProcess
                0x9d00364c       0xd4 build/default/production/_ext/361031364/usb_device.o
                0x9d00364c                _USB_DEVICE_GetStringDescriptorRequestProcess

.text.APP_USBDeviceHIDEventHandler
                0x9d003720       0xd0
 .text.APP_USBDeviceHIDEventHandler
                0x9d003720       0xd0 build/default/production/_ext/1360937237/app.o
                0x9d003720                APP_USBDeviceHIDEventHandler

.text.SYS_Initialize
                0x9d0037f0       0xcc
 .text.SYS_Initialize
                0x9d0037f0       0xcc build/default/production/_ext/1688732426/system_init.o
                0x9d0037f0                SYS_Initialize

.text.I2C_read_multiple
                0x9d0038bc       0xc4
 .text.I2C_read_multiple
                0x9d0038bc       0xc4 build/default/production/_ext/1375409246/accel.o
                0x9d0038bc                I2C_read_multiple

.dinit          0x9d003980       0xc0
 .dinit         0x9d003980       0xc0 data_init

.text._USB_DEVICE_HID_DeInitialize
                0x9d003a40       0xbc
 .text._USB_DEVICE_HID_DeInitialize
                0x9d003a40       0xbc build/default/production/_ext/361031364/usb_device_hid.o
                0x9d003a40                _USB_DEVICE_HID_DeInitialize

.text._USB_DEVICE_Ep0TransmitCompleteCallback
                0x9d003afc       0xb0
 .text._USB_DEVICE_Ep0TransmitCompleteCallback
                0x9d003afc       0xb0 build/default/production/_ext/361031364/usb_device.o
                0x9d003afc                _USB_DEVICE_Ep0TransmitCompleteCallback

.text._USB_DEVICE_HID_ReportSendCallBack
                0x9d003bac       0xb0
 .text._USB_DEVICE_HID_ReportSendCallBack
                0x9d003bac       0xb0 build/default/production/_ext/361031364/usb_device_hid.o
                0x9d003bac                _USB_DEVICE_HID_ReportSendCallBack

.text._USB_DEVICE_DeInitializeAllFunctionDrivers
                0x9d003c5c       0xa8
 .text._USB_DEVICE_DeInitializeAllFunctionDrivers
                0x9d003c5c       0xa8 build/default/production/_ext/361031364/usb_device.o
                0x9d003c5c                _USB_DEVICE_DeInitializeAllFunctionDrivers

.text._USB_DEVICE_ForwardControlXfrToFunction
                0x9d003d04       0xa0
 .text._USB_DEVICE_ForwardControlXfrToFunction
                0x9d003d04       0xa0 build/default/production/_ext/361031364/usb_device.o
                0x9d003d04                _USB_DEVICE_ForwardControlXfrToFunction

.text           0x9d003da4       0x98
 .text          0x9d003da4       0x98 c:/program files (x86)/microchip/xc32/v1.42/bin/bin/../../lib/gcc/pic32mx/4.8.3/../../../../pic32mx/lib\libpic32.a(memcmp.o)
                0x9d003da4                memcmp

.text._USB_DEVICE_GetFunctionDriverEntryByInterface
                0x9d003e3c       0x88
 .text._USB_DEVICE_GetFunctionDriverEntryByInterface
                0x9d003e3c       0x88 build/default/production/_ext/361031364/usb_device.o
                0x9d003e3c                _USB_DEVICE_GetFunctionDriverEntryByInterface

.text._USB_DEVICE_FindEndpoint
                0x9d003ec4       0x88
 .text._USB_DEVICE_FindEndpoint
                0x9d003ec4       0x88 build/default/production/_ext/361031364/usb_device.o
                0x9d003ec4                _USB_DEVICE_FindEndpoint

.text.DRV_USBFS_Tasks_ISR
                0x9d003f4c       0x84
 .text.DRV_USBFS_Tasks_ISR
                0x9d003f4c       0x84 build/default/production/_ext/1466673911/drv_usbfs.o
                0x9d003f4c                DRV_USBFS_Tasks_ISR

.text.USB_DEVICE_ControlSend
                0x9d003fd0       0x84
 .text.USB_DEVICE_ControlSend
                0x9d003fd0       0x84 build/default/production/_ext/361031364/usb_device.o
                0x9d003fd0                USB_DEVICE_ControlSend

.text.DRV_USBFS_DEVICE_Attach
                0x9d004054       0x84
 .text.DRV_USBFS_DEVICE_Attach
                0x9d004054       0x84 build/default/production/_ext/1466673911/drv_usbfs_device.o
                0x9d004054                DRV_USBFS_DEVICE_Attach

.text.fptoli    0x9d0040d8       0x80
 .text.fptoli   0x9d0040d8       0x80 c:/program files (x86)/microchip/xc32/v1.42/bin/bin/../../lib/gcc/pic32mx/4.8.3/../../../../pic32mx/lib\libm.a(fptoli.o)
                0x9d0040d8                fptoli
                0x9d0040d8                fptosi
                0x9d0040d8                __fixsfsi

.text.USB_DEVICE_ControlStatus
                0x9d004158       0x7c
 .text.USB_DEVICE_ControlStatus
                0x9d004158       0x7c build/default/production/_ext/361031364/usb_device.o
                0x9d004158                USB_DEVICE_ControlStatus

.text.DRV_USBFS_ClientEventCallBackSet
                0x9d0041d4       0x78
 .text.DRV_USBFS_ClientEventCallBackSet
                0x9d0041d4       0x78 build/default/production/_ext/1466673911/drv_usbfs.o
                0x9d0041d4                DRV_USBFS_ClientEventCallBackSet

.text.SYS_CLK_Initialize
                0x9d00424c       0x70
 .text.SYS_CLK_Initialize
                0x9d00424c       0x70 build/default/production/_ext/639803181/sys_clk_static.o
                0x9d00424c                SYS_CLK_Initialize

.text.SYS_PORTS_Initialize
                0x9d0042bc       0x70
 .text.SYS_PORTS_Initialize
                0x9d0042bc       0x70 build/default/production/_ext/822048611/sys_ports_static.o
                0x9d0042bc                SYS_PORTS_Initialize

.text.DRV_USBFS_DEVICE_Detach
                0x9d00432c       0x6c
 .text.DRV_USBFS_DEVICE_Detach
                0x9d00432c       0x6c build/default/production/_ext/1466673911/drv_usbfs_device.o
                0x9d00432c                DRV_USBFS_DEVICE_Detach

.text._DRV_USBFS_DEVICE_IRPQueueFlush
                0x9d004398       0x68
 .text._DRV_USBFS_DEVICE_IRPQueueFlush
                0x9d004398       0x68 build/default/production/_ext/1466673911/drv_usbfs_device.o
                0x9d004398                _DRV_USBFS_DEVICE_IRPQueueFlush

.text.initAccel
                0x9d004400       0x64
 .text.initAccel
                0x9d004400       0x64 build/default/production/_ext/1375409246/accel.o
                0x9d004400                initAccel

.text.SYS_DEVCON_PerformanceConfig
                0x9d004464       0x60
 .text.SYS_DEVCON_PerformanceConfig
                0x9d004464       0x60 build/default/production/_ext/1710693635/sys_devcon_pic32mx.o
                0x9d004464                SYS_DEVCON_PerformanceConfig

.text.sitofp    0x9d0044c4       0x60
 .text.sitofp   0x9d0044c4       0x60 c:/program files (x86)/microchip/xc32/v1.42/bin/bin/../../lib/gcc/pic32mx/4.8.3/../../../../pic32mx/lib\libm.a(sitofp.o)
                0x9d0044c4                __floatsisf
                0x9d0044c4                litofp
                0x9d0044c4                sitofp

.text.SYS_DEVCON_SystemUnlock
                0x9d004524       0x58
 .text.SYS_DEVCON_SystemUnlock
                0x9d004524       0x58 build/default/production/_ext/1710693635/sys_devcon.o
                0x9d004524                SYS_DEVCON_SystemUnlock

.text.SYS_INT_SourceDisable
                0x9d00457c       0x58
 .text.SYS_INT_SourceDisable
                0x9d00457c       0x58 build/default/production/_ext/1955241161/sys_int_pic32.o
                0x9d00457c                SYS_INT_SourceDisable

.text.USB_DEVICE_EventHandlerSet
                0x9d0045d4       0x58
 .text.USB_DEVICE_EventHandlerSet
                0x9d0045d4       0x58 build/default/production/_ext/361031364/usb_device.o
                0x9d0045d4                USB_DEVICE_EventHandlerSet

.text.main_entry
                0x9d00462c       0x54
 .text.main_entry
                0x9d00462c       0x54 c:/program files (x86)/microchip/xc32/v1.42/bin/bin/../../lib/gcc/pic32mx/4.8.3/../../../../pic32mx/lib/./proc/32MX250F128B/crt0_mips32r2.o
                0x9d004660                __crt0_exit

.text.DRV_USBFS_Open
                0x9d004680       0x54
 .text.DRV_USBFS_Open
                0x9d004680       0x54 build/default/production/_ext/1466673911/drv_usbfs.o
                0x9d004680                DRV_USBFS_Open

.text.USB_DEVICE_Open
                0x9d0046d4       0x50
 .text.USB_DEVICE_Open
                0x9d0046d4       0x50 build/default/production/_ext/361031364/usb_device.o
                0x9d0046d4                USB_DEVICE_Open

.text._USB_DEVICE_RedirectControlXfrToClient
                0x9d004724       0x4c
 .text._USB_DEVICE_RedirectControlXfrToClient
                0x9d004724       0x4c build/default/production/_ext/361031364/usb_device.o
                0x9d004724                _USB_DEVICE_RedirectControlXfrToClient

.text.DRV_USBFS_DEVICE_SOFNumberGet
                0x9d004770       0x4c
 .text.DRV_USBFS_DEVICE_SOFNumberGet
                0x9d004770       0x4c build/default/production/_ext/1466673911/drv_usbfs_device.o
                0x9d004770                DRV_USBFS_DEVICE_SOFNumberGet

.text.USB_DEVICE_HID_EventHandlerSet
                0x9d0047bc       0x4c
 .text.USB_DEVICE_HID_EventHandlerSet
                0x9d0047bc       0x4c build/default/production/_ext/361031364/usb_device_hid.o
                0x9d0047bc                USB_DEVICE_HID_EventHandlerSet

.text.reconstructShort
                0x9d004808       0x4c
 .text.reconstructShort
                0x9d004808       0x4c build/default/production/_ext/1375409246/accel.o
                0x9d004808                reconstructShort

.text.SYS_DEVCON_SystemLock
                0x9d004854       0x48
 .text.SYS_DEVCON_SystemLock
                0x9d004854       0x48 build/default/production/_ext/1710693635/sys_devcon.o
                0x9d004854                SYS_DEVCON_SystemLock

.text._bootstrap_exception_handler
                0x9d00489c       0x48
 .text._bootstrap_exception_handler
                0x9d00489c       0x48 c:/program files (x86)/microchip/xc32/v1.42/bin/bin/../../lib/gcc/pic32mx/4.8.3/../../../../pic32mx/lib\libpic32.a(default-bootstrap-exception-handler.o)
                0x9d00489c                _bootstrap_exception_handler

.vector_default
                0x9d0048e4       0x48
 .vector_default
                0x9d0048e4       0x48 c:/program files (x86)/microchip/xc32/v1.42/bin/bin/../../lib/gcc/pic32mx/4.8.3/../../../../pic32mx/lib\libpic32.a(defaultinterrupt.o)
                0x9d0048e4                _DefaultInterrupt

.text.DRV_USBFS_DEVICE_EndpointIsEnabled
                0x9d00492c       0x44
 .text.DRV_USBFS_DEVICE_EndpointIsEnabled
                0x9d00492c       0x44 build/default/production/_ext/1466673911/drv_usbfs_device.o
                0x9d00492c                DRV_USBFS_DEVICE_EndpointIsEnabled

.text.DRV_USBFS_DEVICE_EndpointIsStalled
                0x9d004970       0x44
 .text.DRV_USBFS_DEVICE_EndpointIsStalled
                0x9d004970       0x44 build/default/production/_ext/1466673911/drv_usbfs_device.o
                0x9d004970                DRV_USBFS_DEVICE_EndpointIsStalled

.text.SYS_Tasks
                0x9d0049b4       0x44
 .text.SYS_Tasks
                0x9d0049b4       0x44 build/default/production/_ext/1688732426/system_tasks.o
                0x9d0049b4                SYS_Tasks

.text.i2c_master_setup
                0x9d0049f8       0x44
 .text.i2c_master_setup
                0x9d0049f8       0x44 build/default/production/_ext/1375409246/i2c_master_noint.o
                0x9d0049f8                i2c_master_setup

.text           0x9d004a3c       0x44
 .text          0x9d004a3c       0x44 c:/program files (x86)/microchip/xc32/v1.42/bin/bin/../../lib/gcc/pic32mx/4.8.3/../../../../pic32mx/lib\pic32_software_reset.o
                0x9d004a3c                __pic32_software_reset

.text.APP_Initialize
                0x9d004a80       0x40
 .text.APP_Initialize
                0x9d004a80       0x40 build/default/production/_ext/1360937237/app.o
                0x9d004a80                APP_Initialize

.text._general_exception_handler
                0x9d004ac0       0x40
 .text._general_exception_handler
                0x9d004ac0       0x40 build/default/production/_ext/1688732426/system_exceptions.o
                0x9d004ac0                _general_exception_handler

.text._DRV_USBFS_DEVICE_Initialize
                0x9d004b00       0x3c
 .text._DRV_USBFS_DEVICE_Initialize
                0x9d004b00       0x3c build/default/production/_ext/1466673911/drv_usbfs_device.o
                0x9d004b00                _DRV_USBFS_DEVICE_Initialize

.text.i2c_master_ack
                0x9d004b3c       0x3c
 .text.i2c_master_ack
                0x9d004b3c       0x3c build/default/production/_ext/1375409246/i2c_master_noint.o
                0x9d004b3c                i2c_master_ack

.text.DRV_USBFS_DEVICE_AddressSet
                0x9d004b78       0x38
 .text.DRV_USBFS_DEVICE_AddressSet
                0x9d004b78       0x38 build/default/production/_ext/1466673911/drv_usbfs_device.o
                0x9d004b78                DRV_USBFS_DEVICE_AddressSet

.text.i2c_master_recv
                0x9d004bb0       0x34
 .text.i2c_master_recv
                0x9d004bb0       0x34 build/default/production/_ext/1375409246/i2c_master_noint.o
                0x9d004bb0                i2c_master_recv

.text.i2c_master_start
                0x9d004be4       0x30
 .text.i2c_master_start
                0x9d004be4       0x30 build/default/production/_ext/1375409246/i2c_master_noint.o
                0x9d004be4                i2c_master_start

.text.i2c_master_restart
                0x9d004c14       0x30
 .text.i2c_master_restart
                0x9d004c14       0x30 build/default/production/_ext/1375409246/i2c_master_noint.o
                0x9d004c14                i2c_master_restart

.text.i2c_master_stop
                0x9d004c44       0x30
 .text.i2c_master_stop
                0x9d004c44       0x30 build/default/production/_ext/1375409246/i2c_master_noint.o
                0x9d004c44                i2c_master_stop

.text.DRV_USBFS_DEVICE_RemoteWakeupStart
                0x9d004c74       0x2c
 .text.DRV_USBFS_DEVICE_RemoteWakeupStart
                0x9d004c74       0x2c build/default/production/_ext/1466673911/drv_usbfs_device.o
                0x9d004c74                DRV_USBFS_DEVICE_RemoteWakeupStart

.text.DRV_USBFS_DEVICE_RemoteWakeupStop
                0x9d004ca0       0x2c
 .text.DRV_USBFS_DEVICE_RemoteWakeupStop
                0x9d004ca0       0x2c build/default/production/_ext/1466673911/drv_usbfs_device.o
                0x9d004ca0                DRV_USBFS_DEVICE_RemoteWakeupStop

.text.i2c_master_send
                0x9d004ccc       0x2c
 .text.i2c_master_send
                0x9d004ccc       0x2c build/default/production/_ext/1375409246/i2c_master_noint.o
                0x9d004ccc                i2c_master_send

.text.DRV_USBFS_Close
                0x9d004cf8       0x28
 .text.DRV_USBFS_Close
                0x9d004cf8       0x28 build/default/production/_ext/1466673911/drv_usbfs.o
                0x9d004cf8                DRV_USBFS_Close

.text._USB_DEVICE_ClientHandleValidate
                0x9d004d20       0x28
 .text._USB_DEVICE_ClientHandleValidate
                0x9d004d20       0x28 build/default/production/_ext/361031364/usb_device.o
                0x9d004d20                _USB_DEVICE_ClientHandleValidate

.text.MOUSE_ReportCreate
                0x9d004d48       0x24
 .text.MOUSE_ReportCreate
                0x9d004d48       0x24 build/default/production/_ext/1360937237/mouse.o
                0x9d004d48                MOUSE_ReportCreate

.text._USB_DEVICE_HID_GlobalInitialize
                0x9d004d6c       0x20
 .text._USB_DEVICE_HID_GlobalInitialize
                0x9d004d6c       0x20 build/default/production/_ext/361031364/usb_device_hid.o
                0x9d004d6c                _USB_DEVICE_HID_GlobalInitialize

.text.main      0x9d004d8c       0x20
 .text.main     0x9d004d8c       0x20 build/default/production/_ext/1360937237/main.o
                0x9d004d8c                main

.text.SYS_INT_Initialize
                0x9d004dac       0x18
 .text.SYS_INT_Initialize
                0x9d004dac       0x18 build/default/production/_ext/1955241161/sys_int_pic32.o
                0x9d004dac                SYS_INT_Initialize

.text           0x9d004dc4       0x18
 .text          0x9d004dc4       0x18 c:/program files (x86)/microchip/xc32/v1.42/bin/bin/../../lib/gcc/pic32mx/4.8.3/../../../../pic32mx/lib\libpic32.a(default-nmi-handler.o)
                0x9d004dc4                _nmi_handler

.text.SYS_DEVCON_Initialize
                0x9d004ddc       0x14
 .text.SYS_DEVCON_Initialize
                0x9d004ddc       0x14 build/default/production/_ext/1710693635/sys_devcon.o
                0x9d004ddc                SYS_DEVCON_Initialize

.rodata         0x9d004df0       0x14
 .rodata        0x9d004df0       0x14 build/default/production/_ext/361031364/usb_device_hid.o
                0x9d004df0                hidFuncDriver

.text.DRV_USBFS_DEVICE_CurrentSpeedGet
                0x9d004e04       0x10
 .text.DRV_USBFS_DEVICE_CurrentSpeedGet
                0x9d004e04       0x10 build/default/production/_ext/1466673911/drv_usbfs_device.o
                0x9d004e04                DRV_USBFS_DEVICE_CurrentSpeedGet

.text.SYS_CLK_SystemFrequencyGet
                0x9d004e14        0xc
 .text.SYS_CLK_SystemFrequencyGet
                0x9d004e14        0xc build/default/production/_ext/639803181/sys_clk_static.o
                0x9d004e14                SYS_CLK_SystemFrequencyGet

.text.SYS_DEVCON_Tasks
                0x9d004e20        0x8
 .text.SYS_DEVCON_Tasks
                0x9d004e20        0x8 build/default/production/_ext/1710693635/sys_devcon.o
                0x9d004e20                SYS_DEVCON_Tasks

.text.DRV_USBFS_Tasks
                0x9d004e28        0x8
 .text.DRV_USBFS_Tasks
                0x9d004e28        0x8 build/default/production/_ext/1466673911/drv_usbfs.o
                0x9d004e28                DRV_USBFS_Tasks

.text._on_reset
                0x9d004e30        0x8
 .text._on_reset
                0x9d004e30        0x8 c:/program files (x86)/microchip/xc32/v1.42/bin/bin/../../lib/gcc/pic32mx/4.8.3/../../../../pic32mx/lib\libpic32.a(default-on-reset.o)
                0x9d004e30                _on_reset

.text._on_bootstrap
                0x9d004e38        0x8
 .text._on_bootstrap
                0x9d004e38        0x8 c:/program files (x86)/microchip/xc32/v1.42/bin/bin/../../lib/gcc/pic32mx/4.8.3/../../../../pic32mx/lib\libpic32.a(default-on-bootstrap.o)
                0x9d004e38                _on_bootstrap

.rodata         0x9d004e40        0x4
 .rodata        0x9d004e40        0x4 build/default/production/_ext/1360937237/app.o